Component: ARM Compiler 5.06 update 6 (build 750) Tool: armlink [4d35ed]

==============================================================================

Section Cross References

    main.o(i.main) refers to boards.o(i.bsp_board_leds_init) for bsp_board_leds_init
    main.o(i.main) refers to spi_sw.o(i.init_spi_sw) for init_spi_sw
    main.o(i.main) refers to nrf_log_frontend.o(i.nrf_log_init) for nrf_log_init
    main.o(i.main) refers to app_error.o(i.app_error_handler_bare) for app_error_handler_bare
    main.o(i.main) refers to nrf_log_default_backends.o(i.nrf_log_default_backends_init) for nrf_log_default_backends_init
    main.o(i.main) refers to nrf_log_frontend.o(i.nrf_log_frontend_std_0) for nrf_log_frontend_std_0
    main.o(i.main) refers to nrf_log_frontend.o(i.nrf_log_frontend_dequeue) for nrf_log_frontend_dequeue
    main.o(i.main) refers to main.o(i.test_flash_2) for test_flash_2
    main.o(i.main) refers to nrf_log_frontend.o(log_dynamic_data) for m_nrf_log_app_logs_data_dynamic
    main.o(i.print_byte_of_page) refers to spi_flash.o(i.status_regis_read_flash) for status_regis_read_flash
    main.o(i.print_byte_of_page) refers to nrf_log_frontend.o(i.nrf_log_frontend_std_1) for nrf_log_frontend_std_1
    main.o(i.print_byte_of_page) refers to nrf_log_frontend.o(i.nrf_log_frontend_dequeue) for nrf_log_frontend_dequeue
    main.o(i.print_byte_of_page) refers to nrf_log_frontend.o(log_dynamic_data) for m_nrf_log_app_logs_data_dynamic
    main.o(i.test_flash_1) refers to spi_flash.o(i.write_buf_flash) for write_buf_flash
    main.o(i.test_flash_1) refers to spi_flash.o(i.write_buf_to_page_flash) for write_buf_to_page_flash
    main.o(i.test_flash_1) refers to spi_flash.o(i.status_regis_read_flash) for status_regis_read_flash
    main.o(i.test_flash_1) refers to nrf_log_frontend.o(i.nrf_log_frontend_std_0) for nrf_log_frontend_std_0
    main.o(i.test_flash_1) refers to nrf_log_frontend.o(i.nrf_log_frontend_dequeue) for nrf_log_frontend_dequeue
    main.o(i.test_flash_1) refers to spi_flash.o(i.page_to_buf_flash) for page_to_buf_flash
    main.o(i.test_flash_1) refers to spi_flash.o(i.read_buf_flash) for read_buf_flash
    main.o(i.test_flash_1) refers to nrf_log_frontend.o(i.nrf_log_frontend_std_1) for nrf_log_frontend_std_1
    main.o(i.test_flash_1) refers to nrf_log_frontend.o(log_dynamic_data) for m_nrf_log_app_logs_data_dynamic
    main.o(i.test_flash_2) refers to memseta.o(.text) for __aeabi_memclr4
    main.o(i.test_flash_2) refers to spi_flash.o(i.write_flash) for write_flash
    main.o(i.test_flash_2) refers to spi_flash.o(i.read_flash) for read_flash
    main.o(i.test_flash_2) refers to nrf_log_frontend.o(i.nrf_log_frontend_std_1) for nrf_log_frontend_std_1
    main.o(i.test_flash_2) refers to nrf_log_frontend.o(i.nrf_log_frontend_dequeue) for nrf_log_frontend_dequeue
    main.o(i.test_flash_2) refers to nrf_log_frontend.o(i.nrf_log_frontend_std_0) for nrf_log_frontend_std_0
    main.o(i.test_flash_2) refers to nrf_log_frontend.o(log_dynamic_data) for m_nrf_log_app_logs_data_dynamic
    boards.o(i.bsp_board_button_idx_to_pin) refers to boards.o(.constdata) for .constdata
    boards.o(i.bsp_board_button_state_get) refers to boards.o(.constdata) for .constdata
    boards.o(i.bsp_board_buttons_init) refers to boards.o(i.nrf_gpio_cfg) for nrf_gpio_cfg
    boards.o(i.bsp_board_buttons_init) refers to boards.o(.constdata) for .constdata
    boards.o(i.bsp_board_led_idx_to_pin) refers to boards.o(.constdata) for .constdata
    boards.o(i.bsp_board_led_invert) refers to boards.o(.constdata) for .constdata
    boards.o(i.bsp_board_led_off) refers to boards.o(i.nrf_gpio_pin_write) for nrf_gpio_pin_write
    boards.o(i.bsp_board_led_off) refers to boards.o(.constdata) for .constdata
    boards.o(i.bsp_board_led_on) refers to boards.o(i.nrf_gpio_pin_write) for nrf_gpio_pin_write
    boards.o(i.bsp_board_led_on) refers to boards.o(.constdata) for .constdata
    boards.o(i.bsp_board_led_state_get) refers to boards.o(.constdata) for .constdata
    boards.o(i.bsp_board_leds_init) refers to boards.o(i.nrf_gpio_cfg) for nrf_gpio_cfg
    boards.o(i.bsp_board_leds_init) refers to boards.o(i.bsp_board_leds_off) for bsp_board_leds_off
    boards.o(i.bsp_board_leds_init) refers to boards.o(.constdata) for .constdata
    boards.o(i.bsp_board_leds_off) refers to boards.o(i.bsp_board_led_off) for bsp_board_led_off
    boards.o(i.bsp_board_leds_on) refers to boards.o(i.bsp_board_led_on) for bsp_board_led_on
    boards.o(i.bsp_board_pin_to_button_idx) refers to boards.o(.constdata) for .constdata
    boards.o(i.bsp_board_pin_to_led_idx) refers to boards.o(.constdata) for .constdata
    bsp.o(i.alert_timer_handler) refers to boards.o(i.bsp_board_led_invert) for bsp_board_led_invert
    bsp.o(i.bsp_button_event_handler) refers to boards.o(i.bsp_board_pin_to_button_idx) for bsp_board_pin_to_button_idx
    bsp.o(i.bsp_button_event_handler) refers to app_timer.o(i.app_timer_start) for app_timer_start
[...]
    Removing nrf_balloc.o(.rev16_text), (4 bytes).
    Removing nrf_balloc.o(.revsh_text), (4 bytes).
    Removing nrf_balloc.o(.rrx_text), (6 bytes).
    Removing nrf_fprintf.o(.rev16_text), (4 bytes).
    Removing nrf_fprintf.o(.revsh_text), (4 bytes).
    Removing nrf_fprintf.o(.rrx_text), (6 bytes).
    Removing nrf_fprintf_format.o(.rev16_text), (4 bytes).
    Removing nrf_fprintf_format.o(.revsh_text), (4 bytes).
    Removing nrf_fprintf_format.o(.rrx_text), (6 bytes).
    Removing nrf_memobj.o(.rev16_text), (4 bytes).
    Removing nrf_memobj.o(.revsh_text), (4 bytes).
    Removing nrf_memobj.o(.rrx_text), (6 bytes).
    Removing nrf_strerror.o(.rev16_text), (4 bytes).
    Removing nrf_strerror.o(.revsh_text), (4 bytes).
    Removing nrf_strerror.o(.rrx_text), (6 bytes).
    Removing nrf_strerror.o(i.nrf_strerror_find), (56 bytes).
    Removing nrf_strerror.o(i.nrf_strerror_get), (20 bytes).
    Removing nrf_strerror.o(.constdata), (260 bytes).
    Removing nrf_strerror.o(.conststring), (776 bytes).
    Removing nrf_log_backend_rtt.o(.rev16_text), (4 bytes).
    Removing nrf_log_backend_rtt.o(.revsh_text), (4 bytes).
    Removing nrf_log_backend_rtt.o(.rrx_text), (6 bytes).
    Removing nrf_log_backend_serial.o(.rev16_text), (4 bytes).
    Removing nrf_log_backend_serial.o(.revsh_text), (4 bytes).
    Removing nrf_log_backend_serial.o(.rrx_text), (6 bytes).
    Removing nrf_log_backend_uart.o(.rev16_text), (4 bytes).
    Removing nrf_log_backend_uart.o(.revsh_text), (4 bytes).
    Removing nrf_log_backend_uart.o(.rrx_text), (6 bytes).
    Removing nrf_log_default_backends.o(.rev16_text), (4 bytes).
    Removing nrf_log_default_backends.o(.revsh_text), (4 bytes).
    Removing nrf_log_default_backends.o(.rrx_text), (6 bytes).
    Removing nrf_log_frontend.o(.rev16_text), (4 bytes).
    Removing nrf_log_frontend.o(.revsh_text), (4 bytes).
    Removing nrf_log_frontend.o(.rrx_text), (6 bytes).
    Removing nrf_log_frontend.o(i.cont_buf_prealloc), (116 bytes).
    Removing nrf_log_frontend.o(i.nrf_log_backend_remove), (40 bytes).
    Removing nrf_log_frontend.o(i.nrf_log_frontend_hexdump), (176 bytes).
    Removing nrf_log_frontend.o(i.nrf_log_frontend_std_2), (16 bytes).
    Removing nrf_log_frontend.o(i.nrf_log_frontend_std_3), (18 bytes).
    Removing nrf_log_frontend.o(i.nrf_log_frontend_std_4), (20 bytes).
    Removing nrf_log_frontend.o(i.nrf_log_frontend_std_5), (28 bytes).
    Removing nrf_log_frontend.o(i.nrf_log_frontend_std_6), (28 bytes).
    Removing nrf_log_frontend.o(i.nrf_log_module_filter_get), (36 bytes).
    Removing nrf_log_frontend.o(i.nrf_log_module_filter_set), (2 bytes).
    Removing nrf_log_frontend.o(i.nrf_log_push), (104 bytes).
    Removing nrf_log_frontend.o(.conststring), (9 bytes).
    Removing nrf_log_frontend.o(.data), (4 bytes).
    Removing nrf_log_str_formatter.o(.rev16_text), (4 bytes).
    Removing nrf_log_str_formatter.o(.revsh_text), (4 bytes).
    Removing nrf_log_str_formatter.o(.rrx_text), (6 bytes).
    Removing segger_rtt.o(.rev16_text), (4 bytes).
    Removing segger_rtt.o(.revsh_text), (4 bytes).
    Removing segger_rtt.o(.rrx_text), (6 bytes).
    Removing segger_rtt.o(i.SEGGER_RTT_AllocDownBuffer), (104 bytes).
    Removing segger_rtt.o(i.SEGGER_RTT_AllocUpBuffer), (104 bytes).
    Removing segger_rtt.o(i.SEGGER_RTT_ConfigDownBuffer), (92 bytes).
    Removing segger_rtt.o(i.SEGGER_RTT_ConfigUpBuffer), (92 bytes).
    Removing segger_rtt.o(i.SEGGER_RTT_GetKey), (28 bytes).
    Removing segger_rtt.o(i.SEGGER_RTT_HasData), (24 bytes).
    Removing segger_rtt.o(i.SEGGER_RTT_HasKey), (32 bytes).
    Removing segger_rtt.o(i.SEGGER_RTT_PutChar), (88 bytes).
    Removing segger_rtt.o(i.SEGGER_RTT_PutCharSkip), (76 bytes).
    Removing segger_rtt.o(i.SEGGER_RTT_PutCharSkipNoLock), (52 bytes).
    Removing segger_rtt.o(i.SEGGER_RTT_Read), (36 bytes).
    Removing segger_rtt.o(i.SEGGER_RTT_ReadNoLock), (120 bytes).
    Removing segger_rtt.o(i.SEGGER_RTT_SetFlagsDownBuffer), (60 bytes).
    Removing segger_rtt.o(i.SEGGER_RTT_SetFlagsUpBuffer), (60 bytes).
    Removing segger_rtt.o(i.SEGGER_RTT_SetNameDownBuffer), (60 bytes).
    Removing segger_rtt.o(i.SEGGER_RTT_SetNameUpBuffer), (60 bytes).
    Removing segger_rtt.o(i.SEGGER_RTT_SetTerminal), (128 bytes).
    Removing segger_rtt.o(i.SEGGER_RTT_TerminalOut), (168 bytes).
    Removing segger_rtt.o(i.SEGGER_RTT_WaitKey), (14 bytes).
    Removing segger_rtt.o(i.SEGGER_RTT_Write), (52 bytes).
    Removing segger_rtt.o(i.SEGGER_RTT_WriteSkipNoLock), (116 bytes).
    Removing segger_rtt.o(i.SEGGER_RTT_WriteString), (26 bytes).
    Removing segger_rtt.o(i.SEGGER_RTT_WriteWithOverwriteNoLock), (148 bytes).
    Removing segger_rtt.o(i._PostTerminalSwitch), (32 bytes).
    Removing segger_rtt.o(.data), (17 bytes).
    Removing segger_rtt_syscalls_keil.o(.rev16_text), (4 bytes).
    Removing segger_rtt_syscalls_keil.o(.revsh_text), (4 bytes).
    Removing segger_rtt_syscalls_keil.o(.rrx_text), (6 bytes).
    Removing segger_rtt_syscalls_keil.o(i._sys_close), (4 bytes).
    Removing segger_rtt_syscalls_keil.o(i._sys_command_string), (2 bytes).
    Removing segger_rtt_syscalls_keil.o(i._sys_ensure), (6 bytes).
    Removing segger_rtt_syscalls_keil.o(i._sys_exit), (2 bytes).
    Removing segger_rtt_syscalls_keil.o(i._sys_flen), (4 bytes).
    Removing segger_rtt_syscalls_keil.o(i._sys_istty), (14 bytes).
    Removing segger_rtt_syscalls_keil.o(i._sys_open), (44 bytes).
    Removing segger_rtt_syscalls_keil.o(i._sys_read), (4 bytes).
    Removing segger_rtt_syscalls_keil.o(i._sys_seek), (4 bytes).
    Removing segger_rtt_syscalls_keil.o(i._sys_tmpnam), (4 bytes).
    Removing segger_rtt_syscalls_keil.o(i._sys_write), (26 bytes).
    Removing segger_rtt_syscalls_keil.o(i._ttywrch), (24 bytes).
    Removing segger_rtt_syscalls_keil.o(.constdata), (14 bytes).
    Removing segger_rtt_printf.o(.rev16_text), (4 bytes).
    Removing segger_rtt_printf.o(.revsh_text), (4 bytes).
    Removing segger_rtt_printf.o(.rrx_text), (6 bytes).
    Removing segger_rtt_printf.o(i.SEGGER_RTT_printf), (22 bytes).
    Removing segger_rtt_printf.o(i.SEGGER_RTT_vprintf), (406 bytes).
    Removing segger_rtt_printf.o(i._PrintInt), (198 bytes).
    Removing segger_rtt_printf.o(i._PrintUnsigned), (212 bytes).
    Removing segger_rtt_printf.o(i._StoreChar), (62 bytes).
    Removing segger_rtt_printf.o(.constdata), (16 bytes).
    Removing spi_sw.o(.rev16_text), (4 bytes).
    Removing spi_sw.o(.revsh_text), (4 bytes).
    Removing spi_sw.o(.rrx_text), (6 bytes).
    Removing spi_sw.o(i.delay_clock_spi), (6 bytes).
    Removing spi_flash.o(.rev16_text), (4 bytes).
    Removing spi_flash.o(.revsh_text), (4 bytes).
    Removing spi_flash.o(.rrx_text), (6 bytes).
    Removing arm_startup_nrf52.o(HEAP), (8192 bytes).
    Removing system_nrf52.o(.rev16_text), (4 bytes).
    Removing system_nrf52.o(.revsh_text), (4 bytes).
    Removing system_nrf52.o(.rrx_text), (6 bytes).
    Removing system_nrf52.o(i.SystemCoreClockUpdate), (16 bytes).

299 unused section(s) (total 20891 bytes) removed from the image.

==============================================================================

Image Symbol Table

    Local Symbols

    Symbol Name                              Value     Ov Type        Size  Object(Section)

    RESET                                    0x00000000   Section      512  arm_startup_nrf52.o(RESET)
    ../clib/microlib/ctype/ctype.c           0x00000000   Number         0  isupper_o.o ABSOLUTE
    ../clib/microlib/ctype/ctype.c           0x00000000   Number         0  isxdigit_o.o ABSOLUTE
    ../clib/microlib/ctype/ctype.c           0x00000000   Number         0  isalpha_o.o ABSOLUTE
    ../clib/microlib/ctype/ctype.c           0x00000000   Number         0  ispunct_o.o ABSOLUTE
    ../clib/microlib/ctype/ctype.c           0x00000000   Number         0  isalnum_o.o ABSOLUTE
    ../clib/microlib/ctype/ctype.c           0x00000000   Number         0  isprint_o.o ABSOLUTE
    ../clib/microlib/ctype/ctype.c           0x00000000   Number         0  islower_o.o ABSOLUTE
    ../clib/microlib/ctype/ctype.c           0x00000000   Number         0  isspace_o.o ABSOLUTE
    ../clib/microlib/ctype/ctype.c           0x00000000   Number         0  isdigit_o.o ABSOLUTE
    ../clib/microlib/ctype/ctype.c           0x00000000   Number         0  iscntrl_o.o ABSOLUTE
    ../clib/microlib/ctype/ctype.c           0x00000000   Number         0  isgraph_o.o ABSOLUTE
    ../clib/microlib/ctype/ctype.c           0x00000000   Number         0  isblank_o.o ABSOLUTE
    ../clib/microlib/ctype/ctype.c           0x00000000   Number         0  ctype_o.o ABSOLUTE
    ../clib/microlib/division.c              0x00000000   Number         0  uldiv.o ABSOLUTE
    ../clib/microlib/init/entry.s            0x00000000   Number         0  entry9b.o ABSOLUTE
    ../clib/microlib/init/entry.s            0x00000000   Number         0  entry7a.o ABSOLUTE
    ../clib/microlib/init/entry.s            0x00000000   Number         0  entry7b.o ABSOLUTE
    ../clib/microlib/init/entry.s            0x00000000   Number         0  entry8b.o ABSOLUTE
    ../clib/microlib/init/entry.s            0x00000000   Number         0  entry8a.o ABSOLUTE
    ../clib/microlib/init/entry.s            0x00000000   Number         0  entry9a.o ABSOLUTE
    ../clib/microlib/init/entry.s            0x00000000   Number         0  entry.o ABSOLUTE
    ../clib/microlib/init/entry.s            0x00000000   Number         0  entry11a.o ABSOLUTE
    ../clib/microlib/init/entry.s            0x00000000   Number         0  entry11b.o ABSOLUTE
    ../clib/microlib/init/entry.s            0x00000000   Number         0  entry2.o ABSOLUTE
    ../clib/microlib/init/entry.s            0x00000000   Number         0  entry10b.o ABSOLUTE
    ../clib/microlib/init/entry.s            0x00000000   Number         0  entry5.o ABSOLUTE
    ../clib/microlib/init/entry.s            0x00000000   Number         0  entry10a.o ABSOLUTE
    ../clib/microlib/longlong.c              0x00000000   Number         0  llshl.o ABSOLUTE
    ../clib/microlib/longlong.c              0x00000000   Number         0  llushr.o ABSOLUTE
    ../clib/microlib/stdio/fflush.c          0x00000000   Number         0  fflush.o ABSOLUTE
    ../clib/microlib/stdio/fputc.c           0x00000000   Number         0  fputc.o ABSOLUTE
    ../clib/microlib/stdio/semi.s            0x00000000   Number         0  semi.o ABSOLUTE
    ../clib/microlib/stdio/streams.c         0x00000000   Number         0  stdout.o ABSOLUTE
    ../clib/microlib/string/memcpy.c         0x00000000   Number         0  memcpyb.o ABSOLUTE
    ../clib/microlib/string/memcpy.c         0x00000000   Number         0  memcpya.o ABSOLUTE
    ../clib/microlib/string/memset.c         0x00000000   Number         0  memseta.o ABSOLUTE
    ../clib/microlib/string/strcmp.c         0x00000000   Number         0  strcmp.o ABSOLUTE
    ../clib/microlib/string/strcpy.c         0x00000000   Number         0  strcpy.o ABSOLUTE
    ../clib/microlib/string/strlen.c         0x00000000   Number         0  strlen.o ABSOLUTE
    ../clib/microlib/stubs.s                 0x00000000   Number         0  useno.o ABSOLUTE
    ../clib/microlib/stubs.s                 0x00000000   Number         0  iusesemip.o ABSOLUTE
    ..\..\..\..\..\..\components\boards\boards.c 0x00000000   Number         0  boards.o ABSOLUTE
    ..\..\..\..\..\..\components\drivers_nrf\common\nrf_drv_common.c 0x00000000   Number         0  nrf_drv_common.o ABSOLUTE
    ..\..\..\..\..\..\components\drivers_nrf\gpiote\nrf_drv_gpiote.c 0x00000000   Number         0  nrf_drv_gpiote.o ABSOLUTE
    ..\..\..\..\..\..\components\drivers_nrf\spi_master\nrf_drv_spi.c 0x00000000   Number         0  nrf_drv_spi.o ABSOLUTE
    ..\..\..\..\..\..\components\drivers_nrf\uart\nrf_drv_uart.c 0x00000000   Number         0  nrf_drv_uart.o ABSOLUTE
    ..\..\..\..\..\..\components\libraries\balloc\nrf_balloc.c 0x00000000   Number         0  nrf_balloc.o ABSOLUTE
    ..\..\..\..\..\..\components\libraries\bsp\bsp.c 0x00000000   Number         0  bsp.o ABSOLUTE
    ..\..\..\..\..\..\components\libraries\bsp\bsp_nfc.c 0x00000000   Number         0  bsp_nfc.o ABSOLUTE
    ..\..\..\..\..\..\components\libraries\button\app_button.c 0x00000000   Number         0  app_button.o ABSOLUTE
    ..\..\..\..\..\..\components\libraries\experimental_log\src\nrf_log_backend_rtt.c 0x00000000   Number         0  nrf_log_backend_rtt.o ABSOLUTE
    ..\..\..\..\..\..\components\libraries\experimental_log\src\nrf_log_backend_serial.c 0x00000000   Number         0  nrf_log_backend_serial.o ABSOLUTE
    ..\..\..\..\..\..\components\libraries\experimental_log\src\nrf_log_backend_uart.c 0x00000000   Number         0  nrf_log_backend_uart.o ABSOLUTE
    ..\..\..\..\..\..\components\libraries\experimental_log\src\nrf_log_default_backends.c 0x00000000   Number         0  nrf_log_default_backends.o ABSOLUTE
    ..\..\..\..\..\..\components\libraries\experimental_log\src\nrf_log_frontend.c 0x00000000   Number         0  nrf_log_frontend.o ABSOLUTE
    ..\..\..\..\..\..\components\libraries\experimental_log\src\nrf_log_str_formatter.c 0x00000000   Number         0  nrf_log_str_formatter.o ABSOLUTE
    ..\..\..\..\..\..\components\libraries\experimental_memobj\nrf_memobj.c 0x00000000   Number         0  nrf_memobj.o ABSOLUTE
    ..\..\..\..\..\..\components\libraries\scheduler\app_scheduler.c 0x00000000   Number         0  app_scheduler.o ABSOLUTE
    ..\..\..\..\..\..\components\libraries\strerror\nrf_strerror.c 0x00000000   Number         0  nrf_strerror.o ABSOLUTE
    ..\..\..\..\..\..\components\libraries\timer\app_timer.c 0x00000000   Number         0  app_timer.o ABSOLUTE
    ..\..\..\..\..\..\components\libraries\util\app_error.c 0x00000000   Number         0  app_error.o ABSOLUTE
    ..\..\..\..\..\..\components\libraries\util\app_error_weak.c 0x00000000   Number         0  app_error_weak.o ABSOLUTE
    ..\..\..\..\..\..\components\libraries\util\app_util_platform.c 0x00000000   Number         0  app_util_platform.o ABSOLUTE
    ..\..\..\..\..\..\components\libraries\util\nrf_assert.c 0x00000000   Number         0  nrf_assert.o ABSOLUTE
    ..\..\..\..\..\..\external\fprintf\nrf_fprintf.c 0x00000000   Number         0  nrf_fprintf.o ABSOLUTE
    ..\..\..\..\..\..\external\fprintf\nrf_fprintf_format.c 0x00000000   Number         0  nrf_fprintf_format.o ABSOLUTE
    ..\..\..\..\..\..\external\segger_rtt\SEGGER_RTT.c 0x00000000   Number         0  segger_rtt.o ABSOLUTE
    ..\..\..\..\..\..\external\segger_rtt\SEGGER_RTT_Syscalls_KEIL.c 0x00000000   Number         0  segger_rtt_syscalls_keil.o ABSOLUTE
    ..\..\..\..\..\..\external\segger_rtt\SEGGER_RTT_printf.c 0x00000000   Number         0  segger_rtt_printf.o ABSOLUTE
    ..\..\..\main.c                          0x00000000   Number         0  main.o ABSOLUTE
    ..\\..\\..\\..\\..\\..\\components\\boards\\boards.c 0x00000000   Number         0  boards.o ABSOLUTE
    ..\\..\\..\\..\\..\\..\\components\\drivers_nrf\\common\\nrf_drv_common.c 0x00000000   Number         0  nrf_drv_common.o ABSOLUTE
    ..\\..\\..\\..\\..\\..\\components\\drivers_nrf\\gpiote\\nrf_drv_gpiote.c 0x00000000   Number         0  nrf_drv_gpiote.o ABSOLUTE
    ..\\..\\..\\..\\..\\..\\components\\drivers_nrf\\spi_master\\nrf_drv_spi.c 0x00000000   Number         0  nrf_drv_spi.o ABSOLUTE
    ..\\..\\..\\..\\..\\..\\components\\drivers_nrf\\uart\\nrf_drv_uart.c 0x00000000   Number         0  nrf_drv_uart.o ABSOLUTE
    ..\\..\\..\\..\\..\\..\\components\\libraries\\balloc\\nrf_balloc.c 0x00000000   Number         0  nrf_balloc.o ABSOLUTE
    ..\\..\\..\\..\\..\\..\\components\\libraries\\bsp\\bsp.c 0x00000000   Number         0  bsp.o ABSOLUTE
    ..\\..\\..\\..\\..\\..\\components\\libraries\\bsp\\bsp_nfc.c 0x00000000   Number         0  bsp_nfc.o ABSOLUTE
    ..\\..\\..\\..\\..\\..\\components\\libraries\\button\\app_button.c 0x00000000   Number         0  app_button.o ABSOLUTE
    ..\\..\\..\\..\\..\\..\\components\\libraries\\experimental_log\\src\\nrf_log_backend_rtt.c 0x00000000   Number         0  nrf_log_backend_rtt.o ABSOLUTE
    ..\\..\\..\\..\\..\\..\\components\\libraries\\experimental_log\\src\\nrf_log_backend_serial.c 0x00000000   Number         0  nrf_log_backend_serial.o ABSOLUTE
    ..\\..\\..\\..\\..\\..\\components\\libraries\\experimental_log\\src\\nrf_log_backend_uart.c 0x00000000   Number         0  nrf_log_backend_uart.o ABSOLUTE
    ..\\..\\..\\..\\..\\..\\components\\libraries\\experimental_log\\src\\nrf_log_default_backends.c 0x00000000   Number         0  nrf_log_default_backends.o ABSOLUTE
    ..\\..\\..\\..\\..\\..\\components\\libraries\\experimental_log\\src\\nrf_log_frontend.c 0x00000000   Number         0  nrf_log_frontend.o ABSOLUTE
    ..\\..\\..\\..\\..\\..\\components\\libraries\\experimental_log\\src\\nrf_log_str_formatter.c 0x00000000   Number         0  nrf_log_str_formatter.o ABSOLUTE
    ..\\..\\..\\..\\..\\..\\components\\libraries\\experimental_memobj\\nrf_memobj.c 0x00000000   Number         0  nrf_memobj.o ABSOLUTE
    ..\\..\\..\\..\\..\\..\\components\\libraries\\scheduler\\app_scheduler.c 0x00000000   Number         0  app_scheduler.o ABSOLUTE
    ..\\..\\..\\..\\..\\..\\components\\libraries\\strerror\\nrf_strerror.c 0x00000000   Number         0  nrf_strerror.o ABSOLUTE
    ..\\..\\..\\..\\..\\..\\components\\libraries\\timer\\app_timer.c 0x00000000   Number         0  app_timer.o ABSOLUTE
    ..\\..\\..\\..\\..\\..\\components\\libraries\\util\\app_error.c 0x00000000   Number         0  app_error.o ABSOLUTE
    ..\\..\\..\\..\\..\\..\\components\\libraries\\util\\app_error_weak.c 0x00000000   Number         0  app_error_weak.o ABSOLUTE
    ..\\..\\..\\..\\..\\..\\components\\libraries\\util\\app_util_platform.c 0x00000000   Number         0  app_util_platform.o ABSOLUTE
    ..\\..\\..\\..\\..\\..\\components\\libraries\\util\\nrf_assert.c 0x00000000   Number         0  nrf_assert.o ABSOLUTE
    ..\\..\\..\\..\\..\\..\\external\\fprintf\\nrf_fprintf.c 0x00000000   Number         0  nrf_fprintf.o ABSOLUTE
    ..\\..\\..\\..\\..\\..\\external\\fprintf\\nrf_fprintf_format.c 0x00000000   Number         0  nrf_fprintf_format.o ABSOLUTE
    ..\\..\\..\\..\\..\\..\\external\\segger_rtt\\SEGGER_RTT.c 0x00000000   Number         0  segger_rtt.o ABSOLUTE
    ..\\..\\..\\..\\..\\..\\external\\segger_rtt\\SEGGER_RTT_Syscalls_KEIL.c 0x00000000   Number         0  segger_rtt_syscalls_keil.o ABSOLUTE
    ..\\..\\..\\..\\..\\..\\external\\segger_rtt\\SEGGER_RTT_printf.c 0x00000000   Number         0  segger_rtt_printf.o ABSOLUTE
    ..\\..\\..\\main.c                       0x00000000   Number         0  main.o ABSOLUTE
    ..\\spi_sw\\spi_flash.c                  0x00000000   Number         0  spi_flash.o ABSOLUTE
    ..\\spi_sw\\spi_sw.c                     0x00000000   Number         0  spi_sw.o ABSOLUTE
    ..\spi_sw\spi_flash.c                    0x00000000   Number         0  spi_flash.o ABSOLUTE
    ..\spi_sw\spi_sw.c                       0x00000000   Number         0  spi_sw.o ABSOLUTE
    RTE\Device\nRF52832_xxAA\arm_startup_nrf52.s 0x00000000   Number         0  arm_startup_nrf52.o ABSOLUTE
    RTE\Device\nRF52832_xxAA\system_nrf52.c  0x00000000   Number         0  system_nrf52.o ABSOLUTE
    RTE\\Device\\nRF52832_xxAA\\system_nrf52.c 0x00000000   Number         0  system_nrf52.o ABSOLUTE
    dc.s                                     0x00000000   Number         0  dc.o ABSOLUTE
    handlers.s                               0x00000000   Number         0  handlers.o ABSOLUTE
    init.s                                   0x00000000   Number         0  init.o ABSOLUTE
    .ARM.Collect$$$$00000000                 0x00000200   Section        0  entry.o(.ARM.Collect$$$$00000000)
    .ARM.Collect$$$$00000001                 0x00000200   Section        4  entry2.o(.ARM.Collect$$$$00000001)
    .ARM.Collect$$$$00000004                 0x00000204   Section        4  entry5.o(.ARM.Collect$$$$00000004)
    .ARM.Collect$$$$00000008                 0x00000208   Section        0  entry7b.o(.ARM.Collect$$$$00000008)
    .ARM.Collect$$$$0000000A                 0x00000208   Section        0  entry8b.o(.ARM.Collect$$$$0000000A)
    .ARM.Collect$$$$0000000B                 0x00000208   Section        8  entry9a.o(.ARM.Collect$$$$0000000B)
    .ARM.Collect$$$$0000000D                 0x00000210   Section        0  entry10a.o(.ARM.Collect$$$$0000000D)
    .ARM.Collect$$$$0000000F                 0x00000210   Section        0  entry11a.o(.ARM.Collect$$$$0000000F)
    .ARM.Collect$$$$00002712                 0x00000210   Section        4  entry2.o(.ARM.Collect$$$$00002712)
    __lit__00000000                          0x00000210   Data           4  entry2.o(.ARM.Collect$$$$00002712)
    .emb_text                                0x00000214   Section      154  nrf_memobj.o(.emb_text)
    $v0                                      0x00000214   Number         0  nrf_memobj.o(.emb_text)
    .emb_text                                0x000002b0   Section      154  nrf_log_frontend.o(.emb_text)
    $v0                                      0x000002b0   Number         0  nrf_log_frontend.o(.emb_text)
    .text                                    0x0000034c   Section       36  arm_startup_nrf52.o(.text)
    $v0                                      0x0000034c   Number         0  arm_startup_nrf52.o(.text)
    .text                                    0x00000370   Section        0  ctype_o.o(.text)
    .text                                    0x00000378   Section        0  memcpya.o(.text)
    .text                                    0x0000039c   Section        0  memseta.o(.text)
    .text                                    0x000003c0   Section        0  strlen.o(.text)
    .text                                    0x000003ce   Section        0  strcpy.o(.text)
    .text                                    0x000003e0   Section       36  init.o(.text)
    i.GPIOTE_IRQHandler                      0x00000404   Section        0  nrf_drv_gpiote.o(i.GPIOTE_IRQHandler)
    i.NVIC_ClearPendingIRQ                   0x00000578   Section        0  app_timer.o(i.NVIC_ClearPendingIRQ)
    NVIC_ClearPendingIRQ                     0x00000579   Thumb Code    22  app_timer.o(i.NVIC_ClearPendingIRQ)
    i.NVIC_EnableIRQ                         0x0000058e   Section        0  app_timer.o(i.NVIC_EnableIRQ)
    NVIC_EnableIRQ                           0x0000058f   Thumb Code    22  app_timer.o(i.NVIC_EnableIRQ)
    i.NVIC_SetPendingIRQ                     0x000005a4   Section        0  app_timer.o(i.NVIC_SetPendingIRQ)
    NVIC_SetPendingIRQ                       0x000005a5   Thumb Code    22  app_timer.o(i.NVIC_SetPendingIRQ)
    i.RTC1_IRQHandler                        0x000005bc   Section        0  app_timer.o(i.RTC1_IRQHandler)
    i.SEGGER_RTT_Init                        0x000005e0   Section        0  segger_rtt.o(i.SEGGER_RTT_Init)
    i.SEGGER_RTT_WriteNoLock                 0x000005e4   Section        0  segger_rtt.o(i.SEGGER_RTT_WriteNoLock)
    i.SPIM0_SPIS0_TWIM0_TWIS0_SPI0_TWI0_IRQHandler 0x00000640   Section        0  nrf_drv_spi.o(i.SPIM0_SPIS0_TWIM0_TWIS0_SPI0_TWI0_IRQHandler)
    i.SWI0_EGU0_IRQHandler                   0x0000068c   Section        0  app_timer.o(i.SWI0_EGU0_IRQHandler)
    i.SystemInit                             0x00000690   Section        0  system_nrf52.o(i.SystemInit)
    i.UARTE0_UART0_IRQHandler                0x0000098c   Section        0  nrf_drv_uart.o(i.UARTE0_UART0_IRQHandler)
    i._DoInit                                0x000009a8   Section        0  segger_rtt.o(i._DoInit)
    _DoInit                                  0x000009a9   Thumb Code    76  segger_rtt.o(i._DoInit)
    i._GetAvailWriteSpace                    0x00000a10   Section        0  segger_rtt.o(i._GetAvailWriteSpace)
    _GetAvailWriteSpace                      0x00000a11   Thumb Code    22  segger_rtt.o(i._GetAvailWriteSpace)
    i._WriteBlocking                         0x00000a26   Section        0  segger_rtt.o(i._WriteBlocking)
    _WriteBlocking                           0x00000a27   Thumb Code    90  segger_rtt.o(i._WriteBlocking)
    i._WriteNoCheck                          0x00000a80   Section        0  segger_rtt.o(i._WriteNoCheck)
    _WriteNoCheck                            0x00000a81   Thumb Code    66  segger_rtt.o(i._WriteNoCheck)
    i.__scatterload_copy                     0x00000ac2   Section       14  handlers.o(i.__scatterload_copy)
    i.__scatterload_null                     0x00000ad0   Section        2  handlers.o(i.__scatterload_null)
    i.__scatterload_zeroinit                 0x00000ad2   Section       14  handlers.o(i.__scatterload_zeroinit)
    i.app_error_fault_handler                0x00000ae0   Section        0  app_error_weak.o(i.app_error_fault_handler)
    i.app_error_handler_bare                 0x00000b58   Section        0  app_error.o(i.app_error_handler_bare)
    i.app_util_critical_region_enter         0x00000b6e   Section        0  app_util_platform.o(i.app_util_critical_region_enter)
    i.app_util_critical_region_exit          0x00000b72   Section        0  app_util_platform.o(i.app_util_critical_region_exit)
    i.app_util_disable_irq                   0x00000b78   Section        0  app_util_platform.o(i.app_util_disable_irq)
    i.app_util_enable_irq                    0x00000b88   Section        0  app_util_platform.o(i.app_util_enable_irq)
    i.bsp_board_led_off                      0x00000b9c   Section        0  boards.o(i.bsp_board_led_off)
    i.bsp_board_leds_init                    0x00000bac   Section        0  boards.o(i.bsp_board_leds_init)
    i.bsp_board_leds_off                     0x00000bd8   Section        0  boards.o(i.bsp_board_leds_off)
    i.buf_prealloc                           0x00000bec   Section        0  nrf_log_frontend.o(i.buf_prealloc)
    buf_prealloc                             0x00000bed   Thumb Code    78  nrf_log_frontend.o(i.buf_prealloc)
    i.buffer_add                             0x00000c40   Section        0  nrf_fprintf_format.o(i.buffer_add)
    buffer_add                               0x00000c41   Thumb Code    30  nrf_fprintf_format.o(i.buffer_add)
    i.buffer_is_empty                        0x00000c60   Section        0  nrf_log_frontend.o(i.buffer_is_empty)
    i.channel_port_get                       0x00000c74   Section        0  nrf_drv_gpiote.o(i.channel_port_get)
    channel_port_get                         0x00000c75   Thumb Code    10  nrf_drv_gpiote.o(i.channel_port_get)
    i.compare_reg_update                     0x00000c84   Section        0  app_timer.o(i.compare_reg_update)
    compare_reg_update                       0x00000c85   Thumb Code   160  app_timer.o(i.compare_reg_update)
    i.elapsed_ticks_acquire                  0x00000d30   Section        0  app_timer.o(i.elapsed_ticks_acquire)
    elapsed_ticks_acquire                    0x00000d31   Thumb Code    58  app_timer.o(i.elapsed_ticks_acquire)
    i.init_spi_sw                            0x00000d70   Section        0  spi_sw.o(i.init_spi_sw)
    i.int_print                              0x00000da4   Section        0  nrf_fprintf_format.o(i.int_print)
    int_print                                0x00000da5   Thumb Code   166  nrf_fprintf_format.o(i.int_print)
    i.list_insertions_handler                0x00000e4c   Section        0  app_timer.o(i.list_insertions_handler)
    list_insertions_handler                  0x00000e4d   Thumb Code   234  app_timer.o(i.list_insertions_handler)
    i.log_skip                               0x00000f44   Section        0  nrf_log_frontend.o(i.log_skip)
    log_skip                                 0x00000f45   Thumb Code   138  nrf_log_frontend.o(i.log_skip)
    i.main                                   0x00000fd8   Section        0  main.o(i.main)
    i.memobj_op                              0x00001024   Section        0  nrf_memobj.o(i.memobj_op)
    memobj_op                                0x00001025   Thumb Code   118  nrf_memobj.o(i.memobj_op)
    i.module_idx_get                         0x0000109c   Section        0  nrf_log_frontend.o(i.module_idx_get)
    module_idx_get                           0x0000109d   Thumb Code    48  nrf_log_frontend.o(i.module_idx_get)
    i.nrf_atomic_flag_set                    0x000010d0   Section        0  nrf_log_frontend.o(i.nrf_atomic_flag_set)
    nrf_atomic_flag_set                      0x000010d1   Thumb Code    14  nrf_log_frontend.o(i.nrf_atomic_flag_set)
    i.nrf_balloc_alloc                       0x000010de   Section        0  nrf_balloc.o(i.nrf_balloc_alloc)
    i.nrf_balloc_free                        0x0000111c   Section        0  nrf_balloc.o(i.nrf_balloc_free)
    i.nrf_balloc_init                        0x00001146   Section        0  nrf_balloc.o(i.nrf_balloc_init)
    i.nrf_bitmask_bit_is_set                 0x00001176   Section        0  nrf_drv_gpiote.o(i.nrf_bitmask_bit_is_set)
    nrf_bitmask_bit_is_set                   0x00001177   Thumb Code    16  nrf_drv_gpiote.o(i.nrf_bitmask_bit_is_set)
    i.nrf_delay_us                           0x00001188   Section        0  app_timer.o(i.nrf_delay_us)
    nrf_delay_us                             0x00001189   Thumb Code   132  app_timer.o(i.nrf_delay_us)
    i.nrf_delay_us                           0x00001214   Section        0  spi_sw.o(i.nrf_delay_us)
    nrf_delay_us                             0x00001215   Thumb Code   132  spi_sw.o(i.nrf_delay_us)
    i.nrf_fprintf                            0x000012a0   Section        0  nrf_fprintf.o(i.nrf_fprintf)
    i.nrf_fprintf_buffer_flush               0x000012ba   Section        0  nrf_fprintf.o(i.nrf_fprintf_buffer_flush)
    i.nrf_fprintf_fmt                        0x000012d2   Section        0  nrf_fprintf_format.o(i.nrf_fprintf_fmt)
    i.nrf_gpio_cfg                           0x000014ac   Section        0  boards.o(i.nrf_gpio_cfg)
    nrf_gpio_cfg                             0x000014ad   Thumb Code    36  boards.o(i.nrf_gpio_cfg)
    i.nrf_gpio_cfg                           0x000014d0   Section        0  spi_sw.o(i.nrf_gpio_cfg)
    nrf_gpio_cfg                             0x000014d1   Thumb Code    36  spi_sw.o(i.nrf_gpio_cfg)
    i.nrf_gpio_cfg_output                    0x000014f4   Section        0  spi_sw.o(i.nrf_gpio_cfg_output)
    nrf_gpio_cfg_output                      0x000014f5   Thumb Code    20  spi_sw.o(i.nrf_gpio_cfg_output)
    i.nrf_gpio_cfg_sense_set                 0x00001508   Section        0  nrf_drv_gpiote.o(i.nrf_gpio_cfg_sense_set)
    nrf_gpio_cfg_sense_set                   0x00001509   Thumb Code    34  nrf_drv_gpiote.o(i.nrf_gpio_cfg_sense_set)
    i.nrf_gpio_pin_clear                     0x0000152a   Section        0  spi_sw.o(i.nrf_gpio_pin_clear)
    nrf_gpio_pin_clear                       0x0000152b   Thumb Code    14  spi_sw.o(i.nrf_gpio_pin_clear)
    i.nrf_gpio_pin_clear                     0x00001538   Section        0  spi_flash.o(i.nrf_gpio_pin_clear)
    nrf_gpio_pin_clear                       0x00001539   Thumb Code    14  spi_flash.o(i.nrf_gpio_pin_clear)
    i.nrf_gpio_pin_set                       0x00001546   Section        0  nrf_drv_spi.o(i.nrf_gpio_pin_set)
    nrf_gpio_pin_set                         0x00001547   Thumb Code    14  nrf_drv_spi.o(i.nrf_gpio_pin_set)
    i.nrf_gpio_pin_set                       0x00001554   Section        0  spi_sw.o(i.nrf_gpio_pin_set)
    nrf_gpio_pin_set                         0x00001555   Thumb Code    14  spi_sw.o(i.nrf_gpio_pin_set)
    i.nrf_gpio_pin_set                       0x00001562   Section        0  spi_flash.o(i.nrf_gpio_pin_set)
    nrf_gpio_pin_set                         0x00001563   Thumb Code    14  spi_flash.o(i.nrf_gpio_pin_set)
    i.nrf_gpio_pin_write                     0x00001570   Section        0  boards.o(i.nrf_gpio_pin_write)
    nrf_gpio_pin_write                       0x00001571   Thumb Code    22  boards.o(i.nrf_gpio_pin_write)
    i.nrf_gpio_ports_read                    0x00001588   Section        0  nrf_drv_gpiote.o(i.nrf_gpio_ports_read)
    nrf_gpio_ports_read                      0x00001589   Thumb Code    34  nrf_drv_gpiote.o(i.nrf_gpio_ports_read)
    i.nrf_gpiote_event_clear                 0x000015b0   Section        0  nrf_drv_gpiote.o(i.nrf_gpiote_event_clear)
    nrf_gpiote_event_clear                   0x000015b1   Thumb Code    16  nrf_drv_gpiote.o(i.nrf_gpiote_event_clear)
    i.nrf_gpiote_event_is_set                0x000015c4   Section        0  nrf_drv_gpiote.o(i.nrf_gpiote_event_is_set)
    nrf_gpiote_event_is_set                  0x000015c5   Thumb Code    12  nrf_drv_gpiote.o(i.nrf_gpiote_event_is_set)
    i.nrf_log_backend_add                    0x000015d4   Section        0  nrf_log_frontend.o(i.nrf_log_backend_add)
    i.nrf_log_backend_rtt_flush              0x00001624   Section        0  nrf_log_backend_rtt.o(i.nrf_log_backend_rtt_flush)
    nrf_log_backend_rtt_flush                0x00001625   Thumb Code     2  nrf_log_backend_rtt.o(i.nrf_log_backend_rtt_flush)
    i.nrf_log_backend_rtt_init               0x00001626   Section        0  nrf_log_backend_rtt.o(i.nrf_log_backend_rtt_init)
    i.nrf_log_backend_rtt_panic_set          0x0000162a   Section        0  nrf_log_backend_rtt.o(i.nrf_log_backend_rtt_panic_set)
    nrf_log_backend_rtt_panic_set            0x0000162b   Thumb Code     2  nrf_log_backend_rtt.o(i.nrf_log_backend_rtt_panic_set)
    i.nrf_log_backend_rtt_put                0x0000162c   Section        0  nrf_log_backend_rtt.o(i.nrf_log_backend_rtt_put)
    nrf_log_backend_rtt_put                  0x0000162d   Thumb Code    16  nrf_log_backend_rtt.o(i.nrf_log_backend_rtt_put)
    i.nrf_log_backend_serial_put             0x00001644   Section        0  nrf_log_backend_serial.o(i.nrf_log_backend_serial_put)
    i.nrf_log_color_id_get                   0x00001718   Section        0  nrf_log_frontend.o(i.nrf_log_color_id_get)
    i.nrf_log_default_backends_init          0x00001740   Section        0  nrf_log_default_backends.o(i.nrf_log_default_backends_init)
    i.nrf_log_frontend_dequeue               0x0000175c   Section        0  nrf_log_frontend.o(i.nrf_log_frontend_dequeue)
    i.nrf_log_frontend_std_0                 0x0000192c   Section        0  nrf_log_frontend.o(i.nrf_log_frontend_std_0)
    i.nrf_log_frontend_std_1                 0x00001934   Section        0  nrf_log_frontend.o(i.nrf_log_frontend_std_1)
    i.nrf_log_hexdump_entry_process          0x00001944   Section        0  nrf_log_str_formatter.o(i.nrf_log_hexdump_entry_process)
    i.nrf_log_init                           0x000019f0   Section        0  nrf_log_frontend.o(i.nrf_log_init)
    i.nrf_log_module_cnt_get                 0x00001a4c   Section        0  nrf_log_frontend.o(i.nrf_log_module_cnt_get)
    i.nrf_log_module_name_get                0x00001a60   Section        0  nrf_log_frontend.o(i.nrf_log_module_name_get)
    i.nrf_log_panic                          0x00001a7c   Section        0  nrf_log_frontend.o(i.nrf_log_panic)
    i.nrf_log_std_entry_process              0x00001aa4   Section        0  nrf_log_str_formatter.o(i.nrf_log_std_entry_process)
    i.nrf_memobj_alloc                       0x00001b5a   Section        0  nrf_memobj.o(i.nrf_memobj_alloc)
    i.nrf_memobj_free                        0x00001bba   Section        0  nrf_memobj.o(i.nrf_memobj_free)
    i.nrf_memobj_get                         0x00001bec   Section        0  nrf_memobj.o(i.nrf_memobj_get)
    i.nrf_memobj_pool_init                   0x00001bfa   Section        0  nrf_memobj.o(i.nrf_memobj_pool_init)
    i.nrf_memobj_put                         0x00001bfe   Section        0  nrf_memobj.o(i.nrf_memobj_put)
    i.nrf_memobj_read                        0x00001c20   Section        0  nrf_memobj.o(i.nrf_memobj_read)
    i.nrf_memobj_write                       0x00001c2c   Section        0  nrf_memobj.o(i.nrf_memobj_write)
    i.nrf_spim_event_check                   0x00001c38   Section        0  nrf_drv_spi.o(i.nrf_spim_event_check)
    nrf_spim_event_check                     0x00001c39   Thumb Code    10  nrf_drv_spi.o(i.nrf_spim_event_check)
    i.nrf_uart_event_check                   0x00001c42   Section        0  nrf_drv_uart.o(i.nrf_uart_event_check)
    nrf_uart_event_check                     0x00001c43   Thumb Code    10  nrf_drv_uart.o(i.nrf_uart_event_check)
    i.nrf_uart_event_clear                   0x00001c4c   Section        0  nrf_drv_uart.o(i.nrf_uart_event_clear)
    nrf_uart_event_clear                     0x00001c4d   Thumb Code    12  nrf_drv_uart.o(i.nrf_uart_event_clear)
    i.nrf_uart_int_enable_check              0x00001c58   Section        0  nrf_drv_uart.o(i.nrf_uart_int_enable_check)
    nrf_uart_int_enable_check                0x00001c59   Thumb Code    12  nrf_drv_uart.o(i.nrf_uart_int_enable_check)
    i.nrf_uarte_event_check                  0x00001c64   Section        0  nrf_drv_uart.o(i.nrf_uarte_event_check)
    nrf_uarte_event_check                    0x00001c65   Thumb Code    10  nrf_drv_uart.o(i.nrf_uarte_event_check)
    i.nrf_uarte_event_clear                  0x00001c6e   Section        0  nrf_drv_uart.o(i.nrf_uarte_event_clear)
    nrf_uarte_event_clear                    0x00001c6f   Thumb Code    12  nrf_drv_uart.o(i.nrf_uarte_event_clear)
    i.page_to_buf_flash                      0x00001c7c   Section        0  spi_flash.o(i.page_to_buf_flash)
    i.postfix_process                        0x00001cac   Section        0  nrf_log_str_formatter.o(i.postfix_process)
    postfix_process                          0x00001cad   Thumb Code    48  nrf_log_str_formatter.o(i.postfix_process)
    i.prefix_process                         0x00001ce8   Section        0  nrf_log_str_formatter.o(i.prefix_process)
    prefix_process                           0x00001ce9   Thumb Code    72  nrf_log_str_formatter.o(i.prefix_process)
    i.read_buf_flash                         0x00001d44   Section        0  spi_flash.o(i.read_buf_flash)
    i.read_flash                             0x00001d80   Section        0  spi_flash.o(i.read_flash)
    i.read_spi_sw                            0x00001e32   Section        0  spi_sw.o(i.read_spi_sw)
    i.rtc1_stop                              0x00001e88   Section        0  app_timer.o(i.rtc1_stop)
    rtc1_stop                                0x00001e89   Thumb Code    52  app_timer.o(i.rtc1_stop)
    i.rx_byte                                0x00001ec4   Section        0  nrf_drv_uart.o(i.rx_byte)
    rx_byte                                  0x00001ec5   Thumb Code    50  nrf_drv_uart.o(i.rx_byte)
    i.rx_done_event                          0x00001ef6   Section        0  nrf_drv_uart.o(i.rx_done_event)
    rx_done_event                            0x00001ef7   Thumb Code    24  nrf_drv_uart.o(i.rx_done_event)
    i.serial_tx                              0x00001f0e   Section        0  nrf_log_backend_rtt.o(i.serial_tx)
    serial_tx                                0x00001f0f   Thumb Code    42  nrf_log_backend_rtt.o(i.serial_tx)
    i.status_regis_read_flash                0x00001f38   Section        0  spi_flash.o(i.status_regis_read_flash)
    i.std_n                                  0x00001f6c   Section        0  nrf_log_frontend.o(i.std_n)
    std_n                                    0x00001f6d   Thumb Code   144  nrf_log_frontend.o(i.std_n)
    i.test_flash_2                           0x00002000   Section        0  main.o(i.test_flash_2)
    i.timer_list_handler                     0x000020b8   Section        0  app_timer.o(i.timer_list_handler)
    timer_list_handler                       0x000020b9   Thumb Code   122  app_timer.o(i.timer_list_handler)
    i.timer_list_insert                      0x00002138   Section        0  app_timer.o(i.timer_list_insert)
    timer_list_insert                        0x00002139   Thumb Code    56  app_timer.o(i.timer_list_insert)
    i.timer_list_remove                      0x00002174   Section        0  app_timer.o(i.timer_list_remove)
    timer_list_remove                        0x00002175   Thumb Code    88  app_timer.o(i.timer_list_remove)
    i.timer_timeouts_check                   0x000021d4   Section        0  app_timer.o(i.timer_timeouts_check)
    timer_timeouts_check                     0x000021d5   Thumb Code   106  app_timer.o(i.timer_timeouts_check)
    i.tx_byte                                0x00002248   Section        0  nrf_drv_uart.o(i.tx_byte)
    tx_byte                                  0x00002249   Thumb Code    32  nrf_drv_uart.o(i.tx_byte)
    i.tx_done_event                          0x00002268   Section        0  nrf_drv_uart.o(i.tx_done_event)
    tx_done_event                            0x00002269   Thumb Code    28  nrf_drv_uart.o(i.tx_done_event)
    i.uart_irq_handler                       0x00002284   Section        0  nrf_drv_uart.o(i.uart_irq_handler)
    uart_irq_handler                         0x00002285   Thumb Code   286  nrf_drv_uart.o(i.uart_irq_handler)
    i.uarte_irq_handler                      0x000023a2   Section        0  nrf_drv_uart.o(i.uarte_irq_handler)
    uarte_irq_handler                        0x000023a3   Thumb Code   240  nrf_drv_uart.o(i.uarte_irq_handler)
    i.unsigned_print                         0x00002494   Section        0  nrf_fprintf_format.o(i.unsigned_print)
    unsigned_print                           0x00002495   Thumb Code   176  nrf_fprintf_format.o(i.unsigned_print)
    i.write_buf_flash                        0x00002548   Section        0  spi_flash.o(i.write_buf_flash)
    i.write_buf_to_page_flash                0x00002584   Section        0  spi_flash.o(i.write_buf_to_page_flash)
    i.write_flash                            0x000025b4   Section        0  spi_flash.o(i.write_flash)
    i.write_spi_sw                           0x00002680   Section        0  spi_sw.o(i.write_spi_sw)
    .constdata                               0x000026d4   Section        8  boards.o(.constdata)
    m_board_led_list                         0x000026d4   Data           4  boards.o(.constdata)
    m_board_btn_list                         0x000026d8   Data           4  boards.o(.constdata)
    .constdata                               0x000026dc   Section        4  nrf_drv_gpiote.o(.constdata)
    .constdata                               0x000026e0   Section       16  nrf_fprintf_format.o(.constdata)
    _aV2C                                    0x000026e0   Data          16  nrf_fprintf_format.o(.constdata)
    .constdata                               0x000026f0   Section       12  nrf_log_backend_rtt.o(.constdata)
    .constdata                               0x000026fc   Section       20  nrf_log_frontend.o(.constdata)
    mempool                                  0x000026fc   Data          20  nrf_log_frontend.o(.constdata)
    .constdata                               0x00002710   Section      129  ctype_o.o(.constdata)
    .constdata                               0x00002794   Section        4  ctype_o.o(.constdata)
    table                                    0x00002794   Data           4  ctype_o.o(.constdata)
    .conststring                             0x00002798   Section      102  nrf_log_str_formatter.o(.conststring)
    .conststrlit                             0x00002800   Section        7  nrf_drv_gpiote.o(.conststrlit)
    .conststrlit                             0x00002808   Section        4  nrf_drv_spi.o(.conststrlit)
    .conststrlit                             0x0000280c   Section        5  nrf_drv_uart.o(.conststrlit)
    .conststrlit                             0x00002814   Section        7  nrf_balloc.o(.conststrlit)
    .conststrlit                             0x0000281c   Section        4  nrf_log_frontend.o(.conststrlit)
    log_const_data                           0x00002840   Section        8  nrf_drv_gpiote.o(log_const_data)
    __tagsym$$used                           0x00002840   Number         0  nrf_drv_gpiote.o(log_const_data)
    log_const_data                           0x00002848   Section        8  nrf_drv_spi.o(log_const_data)
    __tagsym$$used                           0x00002848   Number         0  nrf_drv_spi.o(log_const_data)
    log_const_data                           0x00002850   Section        8  nrf_drv_uart.o(log_const_data)
    __tagsym$$used                           0x00002850   Number         0  nrf_drv_uart.o(log_const_data)
    log_const_data                           0x00002858   Section        8  nrf_balloc.o(log_const_data)
    __tagsym$$used                           0x00002858   Number         0  nrf_balloc.o(log_const_data)
    log_const_data                           0x00002860   Section        8  nrf_log_frontend.o(log_const_data)
    __tagsym$$used                           0x00002860   Number         0  nrf_log_frontend.o(log_const_data)
    .data                                    0x20000000   Section       20  app_timer.o(.data)
    m_ticks_elapsed_q_read_ind               0x20000000   Data           1  app_timer.o(.data)
    m_ticks_elapsed_q_write_ind              0x20000001   Data           1  app_timer.o(.data)
    m_rtc1_running                           0x20000002   Data           1  app_timer.o(.data)
    m_rtc1_reset                             0x20000003   Data           1  app_timer.o(.data)
    mp_timer_id_head                         0x20000004   Data           4  app_timer.o(.data)
    m_ticks_latest                           0x20000008   Data           4  app_timer.o(.data)
    m_ticks_elapsed                          0x2000000c   Data           8  app_timer.o(.data)
    .data                                    0x20000014   Section        4  app_util_platform.o(.data)
    m_in_critical_region                     0x20000014   Data           4  app_util_platform.o(.data)
    .data                                    0x20000018   Section       12  nrf_log_default_backends.o(.data)
    rtt_log_backend                          0x20000018   Data          12  nrf_log_default_backends.o(.data)
    .data                                    0x20000024   Section        8  nrf_log_frontend.o(.data)
    mempool_nrf_balloc_pool_stack            0x20000024   Data           8  nrf_log_frontend.o(.data)
    .data                                    0x2000002c   Section        8  nrf_log_frontend.o(.data)
    mempool_nrf_balloc_cb                    0x2000002c   Data           8  nrf_log_frontend.o(.data)
    .data                                    0x20000034   Section       56  nrf_log_str_formatter.o(.data)
    severity_names                           0x20000034   Data          20  nrf_log_str_formatter.o(.data)
    m_colors                                 0x20000048   Data          36  nrf_log_str_formatter.o(.data)
    .data                                    0x2000006c   Section        4  system_nrf52.o(.data)
    __tagsym$$used                           0x2000006c   Number         0  system_nrf52.o(.data)
    log_dynamic_data                         0x20000070   Section       12  nrf_drv_gpiote.o(log_dynamic_data)
    __tagsym$$used                           0x20000070   Number         0  nrf_drv_gpiote.o(log_dynamic_data)
    log_dynamic_data                         0x2000007c   Section       12  nrf_drv_spi.o(log_dynamic_data)
    __tagsym$$used                           0x2000007c   Number         0  nrf_drv_spi.o(log_dynamic_data)
    log_dynamic_data                         0x20000088   Section       12  nrf_drv_uart.o(log_dynamic_data)
    __tagsym$$used                           0x20000088   Number         0  nrf_drv_uart.o(log_dynamic_data)
    log_dynamic_data                         0x20000094   Section       12  nrf_balloc.o(log_dynamic_data)
    __tagsym$$used                           0x20000094   Number         0  nrf_balloc.o(log_dynamic_data)
    log_dynamic_data                         0x200000a0   Section       12  nrf_log_frontend.o(log_dynamic_data)
    __tagsym$$used                           0x200000a0   Number         0  nrf_log_frontend.o(log_dynamic_data)
    .bss                                     0x200000ac   Section       88  nrf_drv_gpiote.o(.bss)
    m_cb                                     0x200000ac   Data          88  nrf_drv_gpiote.o(.bss)
    .bss                                     0x20000104   Section       36  nrf_drv_spi.o(.bss)
    m_cb                                     0x20000104   Data          36  nrf_drv_spi.o(.bss)
    .bss                                     0x20000128   Section       32  nrf_drv_uart.o(.bss)
    m_cb                                     0x20000128   Data          32  nrf_drv_uart.o(.bss)
    .bss                                     0x20000148   Section      268  app_timer.o(.bss)
    m_op_queue                               0x20000148   Data         268  app_timer.o(.bss)
    .bss                                     0x20000254   Section       64  nrf_log_backend_rtt.o(.bss)
    m_string_buff                            0x20000254   Data          64  nrf_log_backend_rtt.o(.bss)
    .bss                                     0x20000294   Section      192  nrf_log_frontend.o(.bss)
    mempool_nrf_balloc_pool_mem              0x20000294   Data         192  nrf_log_frontend.o(.bss)
    .bss                                     0x20000354   Section     1056  nrf_log_frontend.o(.bss)
    m_log_data                               0x20000354   Data        1056  nrf_log_frontend.o(.bss)
    .bss                                     0x20000774   Section      648  segger_rtt.o(.bss)
    _acUpBuffer                              0x200007ec   Data         512  segger_rtt.o(.bss)
    _acDownBuffer                            0x200009ec   Data          16  segger_rtt.o(.bss)
    STACK                                    0x20000a00   Section     8192  arm_startup_nrf52.o(STACK)

    Global Symbols

    Symbol Name                              Value     Ov Type        Size  Object(Section)

    BuildAttributes$$THM_ISAv4$E$P$D$K$B$S$7EM$VFPi3$EXTD16$VFPS$VFMA$PE$A:L22UL41UL21$X:L11$S22US41US21$IEEE1$IW$USESV6$~STKCKD$USESV7$~SHL$OSPACE$EBA8$MICROLIB$REQ8$PRES8$EABIv2 0x00000000   Number         0  anon$$obj.o ABSOLUTE
    __ARM_use_no_argv                        0x00000000   Number         0  main.o ABSOLUTE
    __Vectors                                0x00000000   Data           4  arm_startup_nrf52.o(RESET)
    __use_no_errno                           0x00000000   Number         0  useno.o ABSOLUTE
    __use_no_exception_handling              0x00000000   Number         0  useno.o ABSOLUTE
    __use_no_fp                              0x00000000   Number         0  useno.o ABSOLUTE
    __use_no_heap                            0x00000000   Number         0  useno.o ABSOLUTE
    __use_no_heap_region                     0x00000000   Number         0  useno.o ABSOLUTE
    __use_no_semihosting                     0x00000000   Number         0  useno.o ABSOLUTE
    __use_no_semihosting_swi                 0x00000000   Number         0  useno.o ABSOLUTE
    __use_no_signal_handling                 0x00000000   Number         0  useno.o ABSOLUTE
    __cpp_initialize__aeabi_                  - Undefined Weak Reference
    __cxa_finalize                            - Undefined Weak Reference
    __decompress                              - Undefined Weak Reference
    _clock_init                               - Undefined Weak Reference
    _microlib_exit                            - Undefined Weak Reference
    __Vectors_End                            0x00000200   Data           0  arm_startup_nrf52.o(RESET)
    __Vectors_Size                           0x00000200   Number         0  arm_startup_nrf52.o ABSOLUTE
    __main                                   0x00000201   Thumb Code     0  entry.o(.ARM.Collect$$$$00000000)
    _main_stk                                0x00000201   Thumb Code     0  entry2.o(.ARM.Collect$$$$00000001)
    _main_scatterload                        0x00000205   Thumb Code     0  entry5.o(.ARM.Collect$$$$00000004)
    __main_after_scatterload                 0x00000209   Thumb Code     0  entry5.o(.ARM.Collect$$$$00000004)
    _main_clock                              0x00000209   Thumb Code     0  entry7b.o(.ARM.Collect$$$$00000008)
    _main_cpp_init                           0x00000209   Thumb Code     0  entry8b.o(.ARM.Collect$$$$0000000A)
    _main_init                               0x00000209   Thumb Code     0  entry9a.o(.ARM.Collect$$$$0000000B)
    __rt_final_cpp                           0x00000211   Thumb Code     0  entry10a.o(.ARM.Collect$$$$0000000D)
    __rt_final_exit                          0x00000211   Thumb Code     0  entry11a.o(.ARM.Collect$$$$0000000F)
    __asm___12_nrf_memobj_c_9bb9f865__nrf_atomic_internal_mov 0x00000215   Thumb Code    24  nrf_memobj.o(.emb_text)
    __asm___12_nrf_memobj_c_9bb9f865__nrf_atomic_internal_orr 0x0000022d   Thumb Code    26  nrf_memobj.o(.emb_text)
    __asm___12_nrf_memobj_c_9bb9f865__nrf_atomic_internal_and 0x00000247   Thumb Code    26  nrf_memobj.o(.emb_text)
    __asm___12_nrf_memobj_c_9bb9f865__nrf_atomic_internal_eor 0x00000261   Thumb Code    26  nrf_memobj.o(.emb_text)
    __asm___12_nrf_memobj_c_9bb9f865__nrf_atomic_internal_add 0x0000027b   Thumb Code    26  nrf_memobj.o(.emb_text)
    __asm___12_nrf_memobj_c_9bb9f865__nrf_atomic_internal_sub 0x00000295   Thumb Code    26  nrf_memobj.o(.emb_text)
    __asm___18_nrf_log_frontend_c_bc460776__nrf_atomic_internal_mov 0x000002b1   Thumb Code    24  nrf_log_frontend.o(.emb_text)
    __asm___18_nrf_log_frontend_c_bc460776__nrf_atomic_internal_orr 0x000002c9   Thumb Code    26  nrf_log_frontend.o(.emb_text)
    __asm___18_nrf_log_frontend_c_bc460776__nrf_atomic_internal_and 0x000002e3   Thumb Code    26  nrf_log_frontend.o(.emb_text)
    __asm___18_nrf_log_frontend_c_bc460776__nrf_atomic_internal_eor 0x000002fd   Thumb Code    26  nrf_log_frontend.o(.emb_text)
    __asm___18_nrf_log_frontend_c_bc460776__nrf_atomic_internal_add 0x00000317   Thumb Code    26  nrf_log_frontend.o(.emb_text)
    __asm___18_nrf_log_frontend_c_bc460776__nrf_atomic_internal_sub 0x00000331   Thumb Code    26  nrf_log_frontend.o(.emb_text)
    Reset_Handler                            0x0000034d   Thumb Code     8  arm_startup_nrf52.o(.text)
    NMI_Handler                              0x00000355   Thumb Code     2  arm_startup_nrf52.o(.text)
    HardFault_Handler                        0x00000357   Thumb Code     2  arm_startup_nrf52.o(.text)
    MemoryManagement_Handler                 0x00000359   Thumb Code     2  arm_startup_nrf52.o(.text)
    BusFault_Handler                         0x0000035b   Thumb Code     2  arm_startup_nrf52.o(.text)
    UsageFault_Handler                       0x0000035d   Thumb Code     2  arm_startup_nrf52.o(.text)
    SVC_Handler                              0x0000035f   Thumb Code     2  arm_startup_nrf52.o(.text)
    DebugMon_Handler                         0x00000361   Thumb Code     2  arm_startup_nrf52.o(.text)
    PendSV_Handler                           0x00000363   Thumb Code     2  arm_startup_nrf52.o(.text)
    SysTick_Handler                          0x00000365   Thumb Code     2  arm_startup_nrf52.o(.text)
    CCM_AAR_IRQHandler                       0x00000367   Thumb Code     0  arm_startup_nrf52.o(.text)
    COMP_LPCOMP_IRQHandler                   0x00000367   Thumb Code     0  arm_startup_nrf52.o(.text)
    ECB_IRQHandler                           0x00000367   Thumb Code     0  arm_startup_nrf52.o(.text)
    FPU_IRQHandler                           0x00000367   Thumb Code     0  arm_startup_nrf52.o(.text)
    I2S_IRQHandler                           0x00000367   Thumb Code     0  arm_startup_nrf52.o(.text)
    MWU_IRQHandler                           0x00000367   Thumb Code     0  arm_startup_nrf52.o(.text)
    NFCT_IRQHandler                          0x00000367   Thumb Code     0  arm_startup_nrf52.o(.text)
    PDM_IRQHandler                           0x00000367   Thumb Code     0  arm_startup_nrf52.o(.text)
    POWER_CLOCK_IRQHandler                   0x00000367   Thumb Code     0  arm_startup_nrf52.o(.text)
    PWM0_IRQHandler                          0x00000367   Thumb Code     0  arm_startup_nrf52.o(.text)
    PWM1_IRQHandler                          0x00000367   Thumb Code     0  arm_startup_nrf52.o(.text)
    PWM2_IRQHandler                          0x00000367   Thumb Code     0  arm_startup_nrf52.o(.text)
    QDEC_IRQHandler                          0x00000367   Thumb Code     0  arm_startup_nrf52.o(.text)
    RADIO_IRQHandler                         0x00000367   Thumb Code     0  arm_startup_nrf52.o(.text)
    RNG_IRQHandler                           0x00000367   Thumb Code     0  arm_startup_nrf52.o(.text)
    RTC0_IRQHandler                          0x00000367   Thumb Code     0  arm_startup_nrf52.o(.text)
    RTC2_IRQHandler                          0x00000367   Thumb Code     0  arm_startup_nrf52.o(.text)
    SAADC_IRQHandler                         0x00000367   Thumb Code     0  arm_startup_nrf52.o(.text)
    SPIM1_SPIS1_TWIM1_TWIS1_SPI1_TWI1_IRQHandler 0x00000367   Thumb Code     0  arm_startup_nrf52.o(.text)
    SPIM2_SPIS2_SPI2_IRQHandler              0x00000367   Thumb Code     0  arm_startup_nrf52.o(.text)
    SWI1_EGU1_IRQHandler                     0x00000367   Thumb Code     0  arm_startup_nrf52.o(.text)
    SWI2_EGU2_IRQHandler                     0x00000367   Thumb Code     0  arm_startup_nrf52.o(.text)
    SWI3_EGU3_IRQHandler                     0x00000367   Thumb Code     0  arm_startup_nrf52.o(.text)
    SWI4_EGU4_IRQHandler                     0x00000367   Thumb Code     0  arm_startup_nrf52.o(.text)
    SWI5_EGU5_IRQHandler                     0x00000367   Thumb Code     0  arm_startup_nrf52.o(.text)
    TEMP_IRQHandler                          0x00000367   Thumb Code     0  arm_startup_nrf52.o(.text)
    TIMER0_IRQHandler                        0x00000367   Thumb Code     0  arm_startup_nrf52.o(.text)
    TIMER1_IRQHandler                        0x00000367   Thumb Code     0  arm_startup_nrf52.o(.text)
    TIMER2_IRQHandler                        0x00000367   Thumb Code     0  arm_startup_nrf52.o(.text)
    TIMER3_IRQHandler                        0x00000367   Thumb Code     0  arm_startup_nrf52.o(.text)
    TIMER4_IRQHandler                        0x00000367   Thumb Code     0  arm_startup_nrf52.o(.text)
    WDT_IRQHandler                           0x00000367   Thumb Code     0  arm_startup_nrf52.o(.text)
    __rt_ctype_table                         0x00000371   Thumb Code     4  ctype_o.o(.text)
    __aeabi_memcpy                           0x00000379   Thumb Code    36  memcpya.o(.text)
    __aeabi_memcpy4                          0x00000379   Thumb Code     0  memcpya.o(.text)
    __aeabi_memcpy8                          0x00000379   Thumb Code     0  memcpya.o(.text)
    __aeabi_memset                           0x0000039d   Thumb Code    14  memseta.o(.text)
    __aeabi_memset4                          0x0000039d   Thumb Code     0  memseta.o(.text)
    __aeabi_memset8                          0x0000039d   Thumb Code     0  memseta.o(.text)
    __aeabi_memclr                           0x000003ab   Thumb Code     4  memseta.o(.text)
    __aeabi_memclr4                          0x000003ab   Thumb Code     0  memseta.o(.text)
    __aeabi_memclr8                          0x000003ab   Thumb Code     0  memseta.o(.text)
    _memset$wrapper                          0x000003af   Thumb Code    18  memseta.o(.text)
    strlen                                   0x000003c1   Thumb Code    14  strlen.o(.text)
    strcpy                                   0x000003cf   Thumb Code    18  strcpy.o(.text)
    __scatterload                            0x000003e1   Thumb Code    28  init.o(.text)
    __scatterload_rt2                        0x000003e1   Thumb Code     0  init.o(.text)
    GPIOTE_IRQHandler                        0x00000405   Thumb Code   362  nrf_drv_gpiote.o(i.GPIOTE_IRQHandler)
    RTC1_IRQHandler                          0x000005bd   Thumb Code    32  app_timer.o(i.RTC1_IRQHandler)
    SEGGER_RTT_Init                          0x000005e1   Thumb Code     4  segger_rtt.o(i.SEGGER_RTT_Init)
    SEGGER_RTT_WriteNoLock                   0x000005e5   Thumb Code    86  segger_rtt.o(i.SEGGER_RTT_WriteNoLock)
    SPIM0_SPIS0_TWIM0_TWIS0_SPI0_TWI0_IRQHandler 0x00000641   Thumb Code    66  nrf_drv_spi.o(i.SPIM0_SPIS0_TWIM0_TWIS0_SPI0_TWI0_IRQHandler)
    SWI0_EGU0_IRQHandler                     0x0000068d   Thumb Code     4  app_timer.o(i.SWI0_EGU0_IRQHandler)
    SystemInit                               0x00000691   Thumb Code   700  system_nrf52.o(i.SystemInit)
    UARTE0_UART0_IRQHandler                  0x0000098d   Thumb Code    20  nrf_drv_uart.o(i.UARTE0_UART0_IRQHandler)
    __scatterload_copy                       0x00000ac3   Thumb Code    14  handlers.o(i.__scatterload_copy)
    __scatterload_null                       0x00000ad1   Thumb Code     2  handlers.o(i.__scatterload_null)
    __scatterload_zeroinit                   0x00000ad3   Thumb Code    14  handlers.o(i.__scatterload_zeroinit)
    app_error_fault_handler                  0x00000ae1   Thumb Code    80  app_error_weak.o(i.app_error_fault_handler)
    app_error_handler_bare                   0x00000b59   Thumb Code    22  app_error.o(i.app_error_handler_bare)
    app_util_critical_region_enter           0x00000b6f   Thumb Code     4  app_util_platform.o(i.app_util_critical_region_enter)
    app_util_critical_region_exit            0x00000b73   Thumb Code     4  app_util_platform.o(i.app_util_critical_region_exit)
    app_util_disable_irq                     0x00000b79   Thumb Code    12  app_util_platform.o(i.app_util_disable_irq)
    app_util_enable_irq                      0x00000b89   Thumb Code    14  app_util_platform.o(i.app_util_enable_irq)
    bsp_board_led_off                        0x00000b9d   Thumb Code    10  boards.o(i.bsp_board_led_off)
    bsp_board_leds_init                      0x00000bad   Thumb Code    38  boards.o(i.bsp_board_leds_init)
    bsp_board_leds_off                       0x00000bd9   Thumb Code    18  boards.o(i.bsp_board_leds_off)
    buffer_is_empty                          0x00000c61   Thumb Code    16  nrf_log_frontend.o(i.buffer_is_empty)
    init_spi_sw                              0x00000d71   Thumb Code    50  spi_sw.o(i.init_spi_sw)
    main                                     0x00000fd9   Thumb Code    54  main.o(i.main)
    nrf_balloc_alloc                         0x000010df   Thumb Code    62  nrf_balloc.o(i.nrf_balloc_alloc)
    nrf_balloc_free                          0x0000111d   Thumb Code    42  nrf_balloc.o(i.nrf_balloc_free)
    nrf_balloc_init                          0x00001147   Thumb Code    48  nrf_balloc.o(i.nrf_balloc_init)
    nrf_fprintf                              0x000012a1   Thumb Code    26  nrf_fprintf.o(i.nrf_fprintf)
    nrf_fprintf_buffer_flush                 0x000012bb   Thumb Code    24  nrf_fprintf.o(i.nrf_fprintf_buffer_flush)
    nrf_fprintf_fmt                          0x000012d3   Thumb Code   474  nrf_fprintf_format.o(i.nrf_fprintf_fmt)
    nrf_log_backend_add                      0x000015d5   Thumb Code    74  nrf_log_frontend.o(i.nrf_log_backend_add)
    nrf_log_backend_rtt_init                 0x00001627   Thumb Code     4  nrf_log_backend_rtt.o(i.nrf_log_backend_rtt_init)
    nrf_log_backend_serial_put               0x00001645   Thumb Code   210  nrf_log_backend_serial.o(i.nrf_log_backend_serial_put)
    nrf_log_color_id_get                     0x00001719   Thumb Code    34  nrf_log_frontend.o(i.nrf_log_color_id_get)
    nrf_log_default_backends_init            0x00001741   Thumb Code    22  nrf_log_default_backends.o(i.nrf_log_default_backends_init)
    nrf_log_frontend_dequeue                 0x0000175d   Thumb Code   454  nrf_log_frontend.o(i.nrf_log_frontend_dequeue)
    nrf_log_frontend_std_0                   0x0000192d   Thumb Code     8  nrf_log_frontend.o(i.nrf_log_frontend_std_0)
    nrf_log_frontend_std_1                   0x00001935   Thumb Code    14  nrf_log_frontend.o(i.nrf_log_frontend_std_1)
    nrf_log_hexdump_entry_process            0x00001945   Thumb Code   146  nrf_log_str_formatter.o(i.nrf_log_hexdump_entry_process)
    nrf_log_init                             0x000019f1   Thumb Code    70  nrf_log_frontend.o(i.nrf_log_init)
    nrf_log_module_cnt_get                   0x00001a4d   Thumb Code    10  nrf_log_frontend.o(i.nrf_log_module_cnt_get)
    nrf_log_module_name_get                  0x00001a61   Thumb Code    24  nrf_log_frontend.o(i.nrf_log_module_name_get)
    nrf_log_panic                            0x00001a7d   Thumb Code    34  nrf_log_frontend.o(i.nrf_log_panic)
    nrf_log_std_entry_process                0x00001aa5   Thumb Code   182  nrf_log_str_formatter.o(i.nrf_log_std_entry_process)
    nrf_memobj_alloc                         0x00001b5b   Thumb Code    96  nrf_memobj.o(i.nrf_memobj_alloc)
    nrf_memobj_free                          0x00001bbb   Thumb Code    50  nrf_memobj.o(i.nrf_memobj_free)
    nrf_memobj_get                           0x00001bed   Thumb Code    14  nrf_memobj.o(i.nrf_memobj_get)
    nrf_memobj_pool_init                     0x00001bfb   Thumb Code     4  nrf_memobj.o(i.nrf_memobj_pool_init)
    nrf_memobj_put                           0x00001bff   Thumb Code    34  nrf_memobj.o(i.nrf_memobj_put)
    nrf_memobj_read                          0x00001c21   Thumb Code    12  nrf_memobj.o(i.nrf_memobj_read)
    nrf_memobj_write                         0x00001c2d   Thumb Code    12  nrf_memobj.o(i.nrf_memobj_write)
    page_to_buf_flash                        0x00001c7d   Thumb Code    44  spi_flash.o(i.page_to_buf_flash)
    read_buf_flash                           0x00001d45   Thumb Code    54  spi_flash.o(i.read_buf_flash)
    read_flash                               0x00001d81   Thumb Code   178  spi_flash.o(i.read_flash)
    read_spi_sw                              0x00001e33   Thumb Code    86  spi_sw.o(i.read_spi_sw)
    status_regis_read_flash                  0x00001f39   Thumb Code    46  spi_flash.o(i.status_regis_read_flash)
    test_flash_2                             0x00002001   Thumb Code   136  main.o(i.test_flash_2)
    write_buf_flash                          0x00002549   Thumb Code    54  spi_flash.o(i.write_buf_flash)
    write_buf_to_page_flash                  0x00002585   Thumb Code    44  spi_flash.o(i.write_buf_to_page_flash)
    write_flash                              0x000025b5   Thumb Code   204  spi_flash.o(i.write_flash)
    write_spi_sw                             0x00002681   Thumb Code    84  spi_sw.o(i.write_spi_sw)
    nrf_log_backend_rtt_api                  0x000026f0   Data          12  nrf_log_backend_rtt.o(.constdata)
    __ctype_table                            0x00002710   Data         129  ctype_o.o(.constdata)
    Region$$Table$$Base                      0x00002820   Number         0  anon$$obj.o(Region$$Table)
    Region$$Table$$Limit                     0x00002840   Number         0  anon$$obj.o(Region$$Table)
    log_const_data$$Base                     0x00002840   Number         0  nrf_drv_gpiote.o(log_const_data)
    m_nrf_log_gpiote_logs_data_const         0x00002840   Data           8  nrf_drv_gpiote.o(log_const_data)
    m_nrf_log_spi_logs_data_const            0x00002848   Data           8  nrf_drv_spi.o(log_const_data)
    m_nrf_log_uart_logs_data_const           0x00002850   Data           8  nrf_drv_uart.o(log_const_data)
    m_nrf_log_balloc_logs_data_const         0x00002858   Data           8  nrf_balloc.o(log_const_data)
    m_nrf_log_app_logs_data_const            0x00002860   Data           8  nrf_log_frontend.o(log_const_data)
    log_const_data$$Limit                    0x00002868   Number         0  nrf_log_frontend.o(log_const_data)
    SystemCoreClock                          0x2000006c   Data           4  system_nrf52.o(.data)
    log_dynamic_data$$Base                   0x20000070   Number         0  nrf_drv_gpiote.o(log_dynamic_data)
    m_nrf_log_gpiote_logs_data_dynamic       0x20000070   Data          12  nrf_drv_gpiote.o(log_dynamic_data)
    m_nrf_log_spi_logs_data_dynamic          0x2000007c   Data          12  nrf_drv_spi.o(log_dynamic_data)
    m_nrf_log_uart_logs_data_dynamic         0x20000088   Data          12  nrf_drv_uart.o(log_dynamic_data)
    m_nrf_log_balloc_logs_data_dynamic       0x20000094   Data          12  nrf_balloc.o(log_dynamic_data)
    m_nrf_log_app_logs_data_dynamic          0x200000a0   Data          12  nrf_log_frontend.o(log_dynamic_data)
    _SEGGER_RTT                              0x20000774   Data         120  segger_rtt.o(.bss)
    __initial_sp                             0x20002a00   Data           0  arm_startup_nrf52.o(STACK)



==============================================================================

Memory Map of the image

  Image Entry point : 0x00000201

  Load Region LR_IROM1 (Base: 0x00000000, Size: 0x00002914, Max: 0x00080000, ABSOLUTE)

    Execution Region ER_IROM1 (Exec base: 0x00000000, Load base: 0x00000000, Size: 0x00002868, Max: 0x00080000, ABSOLUTE)

    Exec Addr    Load Addr    Size         Type   Attr      Idx    E Section Name        Object

    0x00000000   0x00000000   0x00000200   Data   RO         2713    RESET               arm_startup_nrf52.o
    0x00000200   0x00000200   0x00000000   Code   RO         2754  * .ARM.Collect$$$$00000000  mc_w.l(entry.o)
    0x00000200   0x00000200   0x00000004   Code   RO         2804    .ARM.Collect$$$$00000001  mc_w.l(entry2.o)
    0x00000204   0x00000204   0x00000004   Code   RO         2807    .ARM.Collect$$$$00000004  mc_w.l(entry5.o)
    0x00000208   0x00000208   0x00000000   Code   RO         2809    .ARM.Collect$$$$00000008  mc_w.l(entry7b.o)
    0x00000208   0x00000208   0x00000000   Code   RO         2811    .ARM.Collect$$$$0000000A  mc_w.l(entry8b.o)
    0x00000208   0x00000208   0x00000008   Code   RO         2812    .ARM.Collect$$$$0000000B  mc_w.l(entry9a.o)
    0x00000210   0x00000210   0x00000000   Code   RO         2814    .ARM.Collect$$$$0000000D  mc_w.l(entry10a.o)
    0x00000210   0x00000210   0x00000000   Code   RO         2816    .ARM.Collect$$$$0000000F  mc_w.l(entry11a.o)
    0x00000210   0x00000210   0x00000004   Code   RO         2805    .ARM.Collect$$$$00002712  mc_w.l(entry2.o)
    0x00000214   0x00000214   0x0000009a   Code   RO         1712    .emb_text           nrf_memobj.o
    0x000002ae   0x000002ae   0x00000002   PAD
    0x000002b0   0x000002b0   0x0000009a   Code   RO         1982    .emb_text           nrf_log_frontend.o
    0x0000034a   0x0000034a   0x00000002   PAD
    0x0000034c   0x0000034c   0x00000024   Code   RO         2714    .text               arm_startup_nrf52.o
    0x00000370   0x00000370   0x00000008   Code   RO         2764    .text               mc_w.l(ctype_o.o)
    0x00000378   0x00000378   0x00000024   Code   RO         2792    .text               mc_w.l(memcpya.o)
    0x0000039c   0x0000039c   0x00000024   Code   RO         2794    .text               mc_w.l(memseta.o)
    0x000003c0   0x000003c0   0x0000000e   Code   RO         2796    .text               mc_w.l(strlen.o)
    0x000003ce   0x000003ce   0x00000012   Code   RO         2800    .text               mc_w.l(strcpy.o)
    0x000003e0   0x000003e0   0x00000024   Code   RO         2824    .text               mc_w.l(init.o)
    0x00000404   0x00000404   0x00000174   Code   RO          522    i.GPIOTE_IRQHandler  nrf_drv_gpiote.o
    0x00000578   0x00000578   0x00000016   Code   RO         1330    i.NVIC_ClearPendingIRQ  app_timer.o
    0x0000058e   0x0000058e   0x00000016   Code   RO         1331    i.NVIC_EnableIRQ    app_timer.o
    0x000005a4   0x000005a4   0x00000016   Code   RO         1332    i.NVIC_SetPendingIRQ  app_timer.o
    0x000005ba   0x000005ba   0x00000002   PAD
    0x000005bc   0x000005bc   0x00000024   Code   RO         1334    i.RTC1_IRQHandler   app_timer.o
    0x000005e0   0x000005e0   0x00000004   Code   RO         2227    i.SEGGER_RTT_Init   segger_rtt.o
    0x000005e4   0x000005e4   0x0000005c   Code   RO         2241    i.SEGGER_RTT_WriteNoLock  segger_rtt.o
    0x00000640   0x00000640   0x0000004c   Code   RO          788    i.SPIM0_SPIS0_TWIM0_TWIS0_SPI0_TWI0_IRQHandler  nrf_drv_spi.o
    0x0000068c   0x0000068c   0x00000004   Code   RO         1335    i.SWI0_EGU0_IRQHandler  app_timer.o
    0x00000690   0x00000690   0x000002fc   Code   RO         2722    i.SystemInit        system_nrf52.o
    0x0000098c   0x0000098c   0x0000001c   Code   RO          906    i.UARTE0_UART0_IRQHandler  nrf_drv_uart.o
    0x000009a8   0x000009a8   0x00000068   Code   RO         2245    i._DoInit           segger_rtt.o
    0x00000a10   0x00000a10   0x00000016   Code   RO         2246    i._GetAvailWriteSpace  segger_rtt.o
    0x00000a26   0x00000a26   0x0000005a   Code   RO         2248    i._WriteBlocking    segger_rtt.o
    0x00000a80   0x00000a80   0x00000042   Code   RO         2249    i._WriteNoCheck     segger_rtt.o
    0x00000ac2   0x00000ac2   0x0000000e   Code   RO         2828    i.__scatterload_copy  mc_w.l(handlers.o)
    0x00000ad0   0x00000ad0   0x00000002   Code   RO         2829    i.__scatterload_null  mc_w.l(handlers.o)
    0x00000ad2   0x00000ad2   0x0000000e   Code   RO         2830    i.__scatterload_zeroinit  mc_w.l(handlers.o)
    0x00000ae0   0x00000ae0   0x00000078   Code   RO         1239    i.app_error_fault_handler  app_error_weak.o
    0x00000b58   0x00000b58   0x00000016   Code   RO         1200    i.app_error_handler_bare  app_error.o
    0x00000b6e   0x00000b6e   0x00000004   Code   RO         1499    i.app_util_critical_region_enter  app_util_platform.o
    0x00000b72   0x00000b72   0x00000004   Code   RO         1500    i.app_util_critical_region_exit  app_util_platform.o
    0x00000b76   0x00000b76   0x00000002   PAD
    0x00000b78   0x00000b78   0x00000010   Code   RO         1501    i.app_util_disable_irq  app_util_platform.o
    0x00000b88   0x00000b88   0x00000014   Code   RO         1502    i.app_util_enable_irq  app_util_platform.o
    0x00000b9c   0x00000b9c   0x00000010   Code   RO          212    i.bsp_board_led_off  boards.o
    0x00000bac   0x00000bac   0x0000002c   Code   RO          215    i.bsp_board_leds_init  boards.o
    0x00000bd8   0x00000bd8   0x00000012   Code   RO          216    i.bsp_board_leds_off  boards.o
    0x00000bea   0x00000bea   0x00000002   PAD
    0x00000bec   0x00000bec   0x00000054   Code   RO         1983    i.buf_prealloc      nrf_log_frontend.o
    0x00000c40   0x00000c40   0x0000001e   Code   RO         1672    i.buffer_add        nrf_fprintf_format.o
    0x00000c5e   0x00000c5e   0x00000002   PAD
    0x00000c60   0x00000c60   0x00000014   Code   RO         1984    i.buffer_is_empty   nrf_log_frontend.o
    0x00000c74   0x00000c74   0x00000010   Code   RO          525    i.channel_port_get  nrf_drv_gpiote.o
    0x00000c84   0x00000c84   0x000000ac   Code   RO         1345    i.compare_reg_update  app_timer.o
    0x00000d30   0x00000d30   0x00000040   Code   RO         1346    i.elapsed_ticks_acquire  app_timer.o
    0x00000d70   0x00000d70   0x00000032   Code   RO         2569    i.init_spi_sw       spi_sw.o
    0x00000da2   0x00000da2   0x00000002   PAD
    0x00000da4   0x00000da4   0x000000a6   Code   RO         1673    i.int_print         nrf_fprintf_format.o
    0x00000e4a   0x00000e4a   0x00000002   PAD
    0x00000e4c   0x00000e4c   0x000000f8   Code   RO         1347    i.list_insertions_handler  app_timer.o
    0x00000f44   0x00000f44   0x00000094   Code   RO         1986    i.log_skip          nrf_log_frontend.o
    0x00000fd8   0x00000fd8   0x0000004c   Code   RO            4    i.main              main.o
    0x00001024   0x00001024   0x00000076   Code   RO         1713    i.memobj_op         nrf_memobj.o
    0x0000109a   0x0000109a   0x00000002   PAD
    0x0000109c   0x0000109c   0x00000034   Code   RO         1987    i.module_idx_get    nrf_log_frontend.o
    0x000010d0   0x000010d0   0x0000000e   Code   RO         1988    i.nrf_atomic_flag_set  nrf_log_frontend.o
    0x000010de   0x000010de   0x0000003e   Code   RO         1588    i.nrf_balloc_alloc  nrf_balloc.o
    0x0000111c   0x0000111c   0x0000002a   Code   RO         1589    i.nrf_balloc_free   nrf_balloc.o
    0x00001146   0x00001146   0x00000030   Code   RO         1590    i.nrf_balloc_init   nrf_balloc.o
    0x00001176   0x00001176   0x00000010   Code   RO          526    i.nrf_bitmask_bit_is_set  nrf_drv_gpiote.o
    0x00001186   0x00001186   0x00000002   PAD
    0x00001188   0x00001188   0x0000008c   Code   RO         1348    i.nrf_delay_us      app_timer.o
    0x00001214   0x00001214   0x0000008c   Code   RO         2570    i.nrf_delay_us      spi_sw.o
    0x000012a0   0x000012a0   0x0000001a   Code   RO         1629    i.nrf_fprintf       nrf_fprintf.o
    0x000012ba   0x000012ba   0x00000018   Code   RO         1630    i.nrf_fprintf_buffer_flush  nrf_fprintf.o
    0x000012d2   0x000012d2   0x000001da   Code   RO         1674    i.nrf_fprintf_fmt   nrf_fprintf_format.o
    0x000014ac   0x000014ac   0x00000024   Code   RO          220    i.nrf_gpio_cfg      boards.o
    0x000014d0   0x000014d0   0x00000024   Code   RO         2571    i.nrf_gpio_cfg      spi_sw.o
    0x000014f4   0x000014f4   0x00000014   Code   RO         2572    i.nrf_gpio_cfg_output  spi_sw.o
    0x00001508   0x00001508   0x00000022   Code   RO          552    i.nrf_gpio_cfg_sense_set  nrf_drv_gpiote.o
    0x0000152a   0x0000152a   0x0000000e   Code   RO         2573    i.nrf_gpio_pin_clear  spi_sw.o
    0x00001538   0x00001538   0x0000000e   Code   RO         2641    i.nrf_gpio_pin_clear  spi_flash.o
    0x00001546   0x00001546   0x0000000e   Code   RO          799    i.nrf_gpio_pin_set  nrf_drv_spi.o
    0x00001554   0x00001554   0x0000000e   Code   RO         2574    i.nrf_gpio_pin_set  spi_sw.o
    0x00001562   0x00001562   0x0000000e   Code   RO         2642    i.nrf_gpio_pin_set  spi_flash.o
    0x00001570   0x00001570   0x00000016   Code   RO          221    i.nrf_gpio_pin_write  boards.o
    0x00001586   0x00001586   0x00000002   PAD
    0x00001588   0x00001588   0x00000028   Code   RO          553    i.nrf_gpio_ports_read  nrf_drv_gpiote.o
    0x000015b0   0x000015b0   0x00000014   Code   RO          554    i.nrf_gpiote_event_clear  nrf_drv_gpiote.o
    0x000015c4   0x000015c4   0x00000010   Code   RO          555    i.nrf_gpiote_event_is_set  nrf_drv_gpiote.o
    0x000015d4   0x000015d4   0x00000050   Code   RO         1989    i.nrf_log_backend_add  nrf_log_frontend.o
    0x00001624   0x00001624   0x00000002   Code   RO         1833    i.nrf_log_backend_rtt_flush  nrf_log_backend_rtt.o
    0x00001626   0x00001626   0x00000004   Code   RO         1834    i.nrf_log_backend_rtt_init  nrf_log_backend_rtt.o
    0x0000162a   0x0000162a   0x00000002   Code   RO         1835    i.nrf_log_backend_rtt_panic_set  nrf_log_backend_rtt.o
    0x0000162c   0x0000162c   0x00000018   Code   RO         1836    i.nrf_log_backend_rtt_put  nrf_log_backend_rtt.o
    0x00001644   0x00001644   0x000000d2   Code   RO         1897    i.nrf_log_backend_serial_put  nrf_log_backend_serial.o
    0x00001716   0x00001716   0x00000002   PAD
    0x00001718   0x00001718   0x00000028   Code   RO         1991    i.nrf_log_color_id_get  nrf_log_frontend.o
    0x00001740   0x00001740   0x0000001c   Code   RO         1949    i.nrf_log_default_backends_init  nrf_log_default_backends.o
    0x0000175c   0x0000175c   0x000001d0   Code   RO         1992    i.nrf_log_frontend_dequeue  nrf_log_frontend.o
    0x0000192c   0x0000192c   0x00000008   Code   RO         1994    i.nrf_log_frontend_std_0  nrf_log_frontend.o
    0x00001934   0x00001934   0x0000000e   Code   RO         1995    i.nrf_log_frontend_std_1  nrf_log_frontend.o
    0x00001942   0x00001942   0x00000002   PAD
    0x00001944   0x00001944   0x000000ac   Code   RO         2174    i.nrf_log_hexdump_entry_process  nrf_log_str_formatter.o
    0x000019f0   0x000019f0   0x0000005c   Code   RO         2001    i.nrf_log_init      nrf_log_frontend.o
    0x00001a4c   0x00001a4c   0x00000014   Code   RO         2002    i.nrf_log_module_cnt_get  nrf_log_frontend.o
    0x00001a60   0x00001a60   0x0000001c   Code   RO         2005    i.nrf_log_module_name_get  nrf_log_frontend.o
    0x00001a7c   0x00001a7c   0x00000028   Code   RO         2006    i.nrf_log_panic     nrf_log_frontend.o
    0x00001aa4   0x00001aa4   0x000000b6   Code   RO         2175    i.nrf_log_std_entry_process  nrf_log_str_formatter.o
    0x00001b5a   0x00001b5a   0x00000060   Code   RO         1714    i.nrf_memobj_alloc  nrf_memobj.o
    0x00001bba   0x00001bba   0x00000032   Code   RO         1715    i.nrf_memobj_free   nrf_memobj.o
    0x00001bec   0x00001bec   0x0000000e   Code   RO         1716    i.nrf_memobj_get    nrf_memobj.o
    0x00001bfa   0x00001bfa   0x00000004   Code   RO         1717    i.nrf_memobj_pool_init  nrf_memobj.o
    0x00001bfe   0x00001bfe   0x00000022   Code   RO         1718    i.nrf_memobj_put    nrf_memobj.o
    0x00001c20   0x00001c20   0x0000000c   Code   RO         1719    i.nrf_memobj_read   nrf_memobj.o
    0x00001c2c   0x00001c2c   0x0000000c   Code   RO         1720    i.nrf_memobj_write  nrf_memobj.o
    0x00001c38   0x00001c38   0x0000000a   Code   RO          800    i.nrf_spim_event_check  nrf_drv_spi.o
    0x00001c42   0x00001c42   0x0000000a   Code   RO          929    i.nrf_uart_event_check  nrf_drv_uart.o
    0x00001c4c   0x00001c4c   0x0000000c   Code   RO          930    i.nrf_uart_event_clear  nrf_drv_uart.o
    0x00001c58   0x00001c58   0x0000000c   Code   RO          931    i.nrf_uart_int_enable_check  nrf_drv_uart.o
    0x00001c64   0x00001c64   0x0000000a   Code   RO          932    i.nrf_uarte_event_check  nrf_drv_uart.o
    0x00001c6e   0x00001c6e   0x0000000c   Code   RO          933    i.nrf_uarte_event_clear  nrf_drv_uart.o
    0x00001c7a   0x00001c7a   0x00000002   PAD
    0x00001c7c   0x00001c7c   0x00000030   Code   RO         2643    i.page_to_buf_flash  spi_flash.o
    0x00001cac   0x00001cac   0x0000003c   Code   RO         2176    i.postfix_process   nrf_log_str_formatter.o
    0x00001ce8   0x00001ce8   0x0000005c   Code   RO         2177    i.prefix_process    nrf_log_str_formatter.o
    0x00001d44   0x00001d44   0x0000003c   Code   RO         2644    i.read_buf_flash    spi_flash.o
    0x00001d80   0x00001d80   0x000000b2   Code   RO         2645    i.read_flash        spi_flash.o
    0x00001e32   0x00001e32   0x00000056   Code   RO         2575    i.read_spi_sw       spi_sw.o
    0x00001e88   0x00001e88   0x0000003c   Code   RO         1349    i.rtc1_stop         app_timer.o
    0x00001ec4   0x00001ec4   0x00000032   Code   RO          935    i.rx_byte           nrf_drv_uart.o
    0x00001ef6   0x00001ef6   0x00000018   Code   RO          936    i.rx_done_event     nrf_drv_uart.o
    0x00001f0e   0x00001f0e   0x0000002a   Code   RO         1837    i.serial_tx         nrf_log_backend_rtt.o
    0x00001f38   0x00001f38   0x00000034   Code   RO         2646    i.status_regis_read_flash  spi_flash.o
    0x00001f6c   0x00001f6c   0x00000094   Code   RO         2008    i.std_n             nrf_log_frontend.o
    0x00002000   0x00002000   0x000000b8   Code   RO            7    i.test_flash_2      main.o
    0x000020b8   0x000020b8   0x00000080   Code   RO         1350    i.timer_list_handler  app_timer.o
    0x00002138   0x00002138   0x0000003c   Code   RO         1351    i.timer_list_insert  app_timer.o
    0x00002174   0x00002174   0x00000060   Code   RO         1352    i.timer_list_remove  app_timer.o
    0x000021d4   0x000021d4   0x00000074   Code   RO         1354    i.timer_timeouts_check  app_timer.o
    0x00002248   0x00002248   0x00000020   Code   RO          938    i.tx_byte           nrf_drv_uart.o
    0x00002268   0x00002268   0x0000001c   Code   RO          939    i.tx_done_event     nrf_drv_uart.o
    0x00002284   0x00002284   0x0000011e   Code   RO          940    i.uart_irq_handler  nrf_drv_uart.o
    0x000023a2   0x000023a2   0x000000f0   Code   RO          941    i.uarte_irq_handler  nrf_drv_uart.o
    0x00002492   0x00002492   0x00000002   PAD
    0x00002494   0x00002494   0x000000b4   Code   RO         1675    i.unsigned_print    nrf_fprintf_format.o
    0x00002548   0x00002548   0x0000003c   Code   RO         2647    i.write_buf_flash   spi_flash.o
    0x00002584   0x00002584   0x00000030   Code   RO         2648    i.write_buf_to_page_flash  spi_flash.o
    0x000025b4   0x000025b4   0x000000cc   Code   RO         2649    i.write_flash       spi_flash.o
    0x00002680   0x00002680   0x00000054   Code   RO         2576    i.write_spi_sw      spi_sw.o
    0x000026d4   0x000026d4   0x00000008   Data   RO          222    .constdata          boards.o
    0x000026dc   0x000026dc   0x00000004   Data   RO          559    .constdata          nrf_drv_gpiote.o
    0x000026e0   0x000026e0   0x00000010   Data   RO         1676    .constdata          nrf_fprintf_format.o
    0x000026f0   0x000026f0   0x0000000c   Data   RO         1839    .constdata          nrf_log_backend_rtt.o
    0x000026fc   0x000026fc   0x00000014   Data   RO         2011    .constdata          nrf_log_frontend.o
    0x00002710   0x00002710   0x00000081   Data   RO         2765    .constdata          mc_w.l(ctype_o.o)
    0x00002791   0x00002791   0x00000003   PAD
    0x00002794   0x00002794   0x00000004   Data   RO         2766    .constdata          mc_w.l(ctype_o.o)
    0x00002798   0x00002798   0x00000066   Data   RO         2178    .conststring        nrf_log_str_formatter.o
    0x000027fe   0x000027fe   0x00000002   PAD
    0x00002800   0x00002800   0x00000007   Data   RO          563    .conststrlit        nrf_drv_gpiote.o
    0x00002807   0x00002807   0x00000001   PAD
    0x00002808   0x00002808   0x00000004   Data   RO          806    .conststrlit        nrf_drv_spi.o
    0x0000280c   0x0000280c   0x00000005   Data   RO          943    .conststrlit        nrf_drv_uart.o
    0x00002811   0x00002811   0x00000003   PAD
    0x00002814   0x00002814   0x00000007   Data   RO         1591    .conststrlit        nrf_balloc.o
    0x0000281b   0x0000281b   0x00000001   PAD
    0x0000281c   0x0000281c   0x00000004   Data   RO         2013    .conststrlit        nrf_log_frontend.o
    0x00002820   0x00002820   0x00000020   Data   RO         2826    Region$$Table       anon$$obj.o
    0x00002840   0x00002840   0x00000008   Data   RO          564    log_const_data      nrf_drv_gpiote.o
    0x00002848   0x00002848   0x00000008   Data   RO          807    log_const_data      nrf_drv_spi.o
    0x00002850   0x00002850   0x00000008   Data   RO          944    log_const_data      nrf_drv_uart.o
    0x00002858   0x00002858   0x00000008   Data   RO         1592    log_const_data      nrf_balloc.o
    0x00002860   0x00002860   0x00000008   Data   RO         2017    log_const_data      nrf_log_frontend.o


    Execution Region RW_IRAM1 (Exec base: 0x20000000, Load base: 0x00002868, Size: 0x00002a00, Max: 0x00010000, ABSOLUTE)

    Exec Addr    Load Addr    Size         Type   Attr      Idx    E Section Name        Object

    0x20000000   0x00002868   0x00000014   Data   RW         1357    .data               app_timer.o
    0x20000014   0x0000287c   0x00000004   Data   RW         1505    .data               app_util_platform.o
    0x20000018   0x00002880   0x0000000c   Data   RW         1950    .data               nrf_log_default_backends.o
    0x20000024   0x0000288c   0x00000008   Data   RW         2015    .data               nrf_log_frontend.o
    0x2000002c   0x00002894   0x00000008   Data   RW         2016    .data               nrf_log_frontend.o
    0x20000034   0x0000289c   0x00000038   Data   RW         2179    .data               nrf_log_str_formatter.o
    0x2000006c   0x000028d4   0x00000004   Data   RW         2723    .data               system_nrf52.o
    0x20000070   0x000028d8   0x0000000c   Data   RW          565    log_dynamic_data    nrf_drv_gpiote.o
    0x2000007c   0x000028e4   0x0000000c   Data   RW          808    log_dynamic_data    nrf_drv_spi.o
    0x20000088   0x000028f0   0x0000000c   Data   RW          945    log_dynamic_data    nrf_drv_uart.o
    0x20000094   0x000028fc   0x0000000c   Data   RW         1593    log_dynamic_data    nrf_balloc.o
    0x200000a0   0x00002908   0x0000000c   Data   RW         2018    log_dynamic_data    nrf_log_frontend.o
    0x200000ac        -       0x00000058   Zero   RW          558    .bss                nrf_drv_gpiote.o
    0x20000104        -       0x00000024   Zero   RW          802    .bss                nrf_drv_spi.o
    0x20000128        -       0x00000020   Zero   RW          942    .bss                nrf_drv_uart.o
    0x20000148        -       0x0000010c   Zero   RW         1356    .bss                app_timer.o
    0x20000254        -       0x00000040   Zero   RW         1838    .bss                nrf_log_backend_rtt.o
    0x20000294        -       0x000000c0   Zero   RW         2009    .bss                nrf_log_frontend.o
    0x20000354        -       0x00000420   Zero   RW         2010    .bss                nrf_log_frontend.o
    0x20000774        -       0x00000288   Zero   RW         2250    .bss                segger_rtt.o
    0x200009fc   0x00002914   0x00000004   PAD
    0x20000a00        -       0x00002000   Zero   RW         2711    STACK               arm_startup_nrf52.o


==============================================================================

Image component sizes


      Code (inc. data)   RO Data    RW Data    ZI Data      Debug   Object Name

        22          0          0          0          0       2113   app_error.o
       120         40          0          0          0      27389   app_error_weak.o
      1190         80          0         20        268      41472   app_timer.o
        44         10          0          4          0       3332   app_util_platform.o
        36          8        512          0       8192        924   arm_startup_nrf52.o
       136         12          8          0          0       8074   boards.o
         0          0          0          0          0       1444   bsp.o
       260         70          0          0          0      48918   main.o
       152          0         15         12          0       3857   nrf_balloc.o
         0          0          0          0          0       1640   nrf_drv_common.o
       514         30         19         12         88      26650   nrf_drv_gpiote.o
       100         10         12         12         36      13451   nrf_drv_spi.o
       744          8         13         12         32      24442   nrf_drv_uart.o
        50          0          0          0          0       3525   nrf_fprintf.o
       850          4         16          0          0       5470   nrf_fprintf_format.o
        74          8         12          0         64       5469   nrf_log_backend_rtt.o
       210          0          0          0          0      10239   nrf_log_backend_serial.o
        28          6          0         12          0       3186   nrf_log_default_backends.o
      1406         92         32         28       1248      29978   nrf_log_frontend.o
       506         66        102         56          0       5584   nrf_log_str_formatter.o
       494          0          0          0          0      13119   nrf_memobj.o
       378         34          0          0        648       9078   segger_rtt.o
       678         26          0          0          0      10974   spi_flash.o
       444          8          0          0          0      10801   spi_sw.o
       764         64          0          4          0       2951   system_nrf52.o

    ----------------------------------------------------------------------
      9230        576        780        172      10580     314080   Object Totals
         0          0         32          0          0          0   (incl. Generated)
        30          0          7          0          4          0   (incl. Padding)

    ----------------------------------------------------------------------

      Code (inc. data)   RO Data    RW Data    ZI Data      Debug   Library Member Name

         8          4        133          0          0         68   ctype_o.o
         0          0          0          0          0          0   entry.o
         0          0          0          0          0          0   entry10a.o
         0          0          0          0          0          0   entry11a.o
         8          4          0          0          0          0   entry2.o
         4          0          0          0          0          0   entry5.o
         0          0          0          0          0          0   entry7b.o
         0          0          0          0          0          0   entry8b.o
         8          4          0          0          0          0   entry9a.o
        30          0          0          0          0          0   handlers.o
        36          8          0          0          0         68   init.o
        36          0          0          0          0         68   memcpya.o
        36          0          0          0          0        108   memseta.o
        18          0          0          0          0         68   strcpy.o
        14          0          0          0          0         68   strlen.o

    ----------------------------------------------------------------------
       198         20        136          0          0        448   Library Totals
         0          0          3          0          0          0   (incl. Padding)

    ----------------------------------------------------------------------

      Code (inc. data)   RO Data    RW Data    ZI Data      Debug   Library Name

       198         20        133          0          0        448   mc_w.l

    ----------------------------------------------------------------------
       198         20        136          0          0        448   Library Totals

    ----------------------------------------------------------------------

==============================================================================


      Code (inc. data)   RO Data    RW Data    ZI Data      Debug   

      9428        596        916        172      10580     303328   Grand Totals
      9428        596        916        172      10580     303328   ELF Image Totals
      9428        596        916        172          0          0   ROM Totals

==============================================================================

    Total RO  Size (Code + RO Data)                10344 (  10.10kB)
    Total RW  Size (RW Data + ZI Data)             10752 (  10.50kB)
    Total ROM Size (Code + RO Data + RW Data)      10516 (  10.27kB)

==============================================================================

